{
  "parallel": "22m 44s",
  "perAgent": {
    "any": "1h 25m 40s",
  },
  "total": "1h 25m 40s",
}