{
  "hosts": undefined,
  "predictable": undefined,
  "preset": "public",
}