{
  "any": {
    "startup_bun_1_1_3_tsc_startup": {
      "TSPERF_JOB_HOST": "bun@1.1.3",
      "TSPERF_JOB_ITERATIONS": 6,
      "TSPERF_JOB_KIND": "startup",
      "TSPERF_JOB_LOCATION": "public",
      "TSPERF_JOB_NAME": "startup_bun_1_1_3_tsc_startup",
      "TSPERF_JOB_SCENARIO": "tsc-startup",
      "TSPERF_JOB_WARMUPS": 1,
    },
    "startup_bun_1_1_3_tsserver_startup": {
      "TSPERF_JOB_HOST": "bun@1.1.3",
      "TSPERF_JOB_ITERATIONS": 6,
      "TSPERF_JOB_KIND": "startup",
      "TSPERF_JOB_LOCATION": "public",
      "TSPERF_JOB_NAME": "startup_bun_1_1_3_tsserver_startup",
      "TSPERF_JOB_SCENARIO": "tsserver-startup",
      "TSPERF_JOB_WARMUPS": 1,
    },
    "startup_bun_1_1_3_tsserverlibrary_startup": {
      "TSPERF_JOB_HOST": "bun@1.1.3",
      "TSPERF_JOB_ITERATIONS": 6,
      "TSPERF_JOB_KIND": "startup",
      "TSPERF_JOB_LOCATION": "public",
      "TSPERF_JOB_NAME": "startup_bun_1_1_3_tsserverlibrary_startup",
      "TSPERF_JOB_SCENARIO": "tsserverlibrary-startup",
      "TSPERF_JOB_WARMUPS": 1,
    },
    "startup_bun_1_1_3_typescript_startup": {
      "TSPERF_JOB_HOST": "bun@1.1.3",
      "TSPERF_JOB_ITERATIONS": 6,
      "TSPERF_JOB_KIND": "startup",
      "TSPERF_JOB_LOCATION": "public",
      "TSPERF_JOB_NAME": "startup_bun_1_1_3_typescript_startup",
      "TSPERF_JOB_SCENARIO": "typescript-startup",
      "TSPERF_JOB_WARMUPS": 1,
    },
    "startup_vscode_1_88_1_tsc_startup": {
      "TSPERF_JOB_HOST": "vscode@1.88.1",
      "TSPERF_JOB_ITERATIONS": 6,
      "TSPERF_JOB_KIND": "startup",
      "TSPERF_JOB_LOCATION": "public",
      "TSPERF_JOB_NAME": "startup_vscode_1_88_1_tsc_startup",
      "TSPERF_JOB_SCENARIO": "tsc-startup",
      "TSPERF_JOB_WARMUPS": 1,
    },
    "startup_vscode_1_88_1_tsserver_startup": {
      "TSPERF_JOB_HOST": "vscode@1.88.1",
      "TSPERF_JOB_ITERATIONS": 6,
      "TSPERF_JOB_KIND": "startup",
      "TSPERF_JOB_LOCATION": "public",
      "TSPERF_JOB_NAME": "startup_vscode_1_88_1_tsserver_startup",
      "TSPERF_JOB_SCENARIO": "tsserver-startup",
      "TSPERF_JOB_WARMUPS": 1,
    },
    "startup_vscode_1_88_1_tsserverlibrary_startup": {
      "TSPERF_JOB_HOST": "vscode@1.88.1",
      "TSPERF_JOB_ITERATIONS": 6,
      "TSPERF_JOB_KIND": "startup",
      "TSPERF_JOB_LOCATION": "public",
      "TSPERF_JOB_NAME": "startup_vscode_1_88_1_tsserverlibrary_startup",
      "TSPERF_JOB_SCENARIO": "tsserverlibrary-startup",
      "TSPERF_JOB_WARMUPS": 1,
    },
    "startup_vscode_1_88_1_typescript_startup": {
      "TSPERF_JOB_HOST": "vscode@1.88.1",
      "TSPERF_JOB_ITERATIONS": 6,
      "TSPERF_JOB_KIND": "startup",
      "TSPERF_JOB_LOCATION": "public",
      "TSPERF_JOB_NAME": "startup_vscode_1_88_1_typescript_startup",
      "TSPERF_JOB_SCENARIO": "typescript-startup",
      "TSPERF_JOB_WARMUPS": 1,
    },
    "tsc_bun_1_1_3_Angular": {
      "TSPERF_JOB_HOST": "bun@1.1.3",
      "TSPERF_JOB_ITERATIONS": 6,
      "TSPERF_JOB_KIND": "tsc",
      "TSPERF_JOB_LOCATION": "internal",
      "TSPERF_JOB_NAME": "tsc_bun_1_1_3_Angular",
      "TSPERF_JOB_SCENARIO": "Angular",
      "TSPERF_JOB_WARMUPS": 1,
    },
    "tsc_bun_1_1_3_Compiler_Unions": {
      "TSPERF_JOB_HOST": "bun@1.1.3",
      "TSPERF_JOB_ITERATIONS": 6,
      "TSPERF_JOB_KIND": "tsc",
      "TSPERF_JOB_LOCATION": "public",
      "TSPERF_JOB_NAME": "tsc_bun_1_1_3_Compiler_Unions",
      "TSPERF_JOB_SCENARIO": "Compiler-Unions",
      "TSPERF_JOB_WARMUPS": 1,
    },
    "tsc_bun_1_1_3_mui_docs": {
      "TSPERF_JOB_HOST": "bun@1.1.3",
      "TSPERF_JOB_ITERATIONS": 6,
      "TSPERF_JOB_KIND": "tsc",
      "TSPERF_JOB_LOCATION": "public",
      "TSPERF_JOB_NAME": "tsc_bun_1_1_3_mui_docs",
      "TSPERF_JOB_SCENARIO": "mui-docs",
      "TSPERF_JOB_WARMUPS": 1,
    },
    "tsc_bun_1_1_3_self_build_src": {
      "TSPERF_JOB_HOST": "bun@1.1.3",
      "TSPERF_JOB_ITERATIONS": 6,
      "TSPERF_JOB_KIND": "tsc",
      "TSPERF_JOB_LOCATION": "public",
      "TSPERF_JOB_NAME": "tsc_bun_1_1_3_self_build_src",
      "TSPERF_JOB_SCENARIO": "self-build-src",
      "TSPERF_JOB_WARMUPS": 1,
    },
    "tsc_bun_1_1_3_self_build_src_public_api": {
      "TSPERF_JOB_HOST": "bun@1.1.3",
      "TSPERF_JOB_ITERATIONS": 6,
      "TSPERF_JOB_KIND": "tsc",
      "TSPERF_JOB_LOCATION": "public",
      "TSPERF_JOB_NAME": "tsc_bun_1_1_3_self_build_src_public_api",
      "TSPERF_JOB_SCENARIO": "self-build-src-public-api",
      "TSPERF_JOB_WARMUPS": 1,
    },
    "tsc_bun_1_1_3_self_compiler": {
      "TSPERF_JOB_HOST": "bun@1.1.3",
      "TSPERF_JOB_ITERATIONS": 6,
      "TSPERF_JOB_KIND": "tsc",
      "TSPERF_JOB_LOCATION": "public",
      "TSPERF_JOB_NAME": "tsc_bun_1_1_3_self_compiler",
      "TSPERF_JOB_SCENARIO": "self-compiler",
      "TSPERF_JOB_WARMUPS": 1,
    },
    "tsc_bun_1_1_3_ts_pre_modules": {
      "TSPERF_JOB_HOST": "bun@1.1.3",
      "TSPERF_JOB_ITERATIONS": 6,
      "TSPERF_JOB_KIND": "tsc",
      "TSPERF_JOB_LOCATION": "public",
      "TSPERF_JOB_NAME": "tsc_bun_1_1_3_ts_pre_modules",
      "TSPERF_JOB_SCENARIO": "ts-pre-modules",
      "TSPERF_JOB_WARMUPS": 1,
    },
    "tsc_bun_1_1_3_vscode": {
      "TSPERF_JOB_HOST": "bun@1.1.3",
      "TSPERF_JOB_ITERATIONS": 6,
      "TSPERF_JOB_KIND": "tsc",
      "TSPERF_JOB_LOCATION": "public",
      "TSPERF_JOB_NAME": "tsc_bun_1_1_3_vscode",
      "TSPERF_JOB_SCENARIO": "vscode",
      "TSPERF_JOB_WARMUPS": 1,
    },
    "tsc_bun_1_1_3_webpack": {
      "TSPERF_JOB_HOST": "bun@1.1.3",
      "TSPERF_JOB_ITERATIONS": 6,
      "TSPERF_JOB_KIND": "tsc",
      "TSPERF_JOB_LOCATION": "public",
      "TSPERF_JOB_NAME": "tsc_bun_1_1_3_webpack",
      "TSPERF_JOB_SCENARIO": "webpack",
      "TSPERF_JOB_WARMUPS": 1,
    },
    "tsc_bun_1_1_3_xstate_main": {
      "TSPERF_JOB_HOST": "bun@1.1.3",
      "TSPERF_JOB_ITERATIONS": 6,
      "TSPERF_JOB_KIND": "tsc",
      "TSPERF_JOB_LOCATION": "public",
      "TSPERF_JOB_NAME": "tsc_bun_1_1_3_xstate_main",
      "TSPERF_JOB_SCENARIO": "xstate-main",
      "TSPERF_JOB_WARMUPS": 1,
    },
    "tsc_vscode_1_88_1_Angular": {
      "TSPERF_JOB_HOST": "vscode@1.88.1",
      "TSPERF_JOB_ITERATIONS": 6,
      "TSPERF_JOB_KIND": "tsc",
      "TSPERF_JOB_LOCATION": "internal",
      "TSPERF_JOB_NAME": "tsc_vscode_1_88_1_Angular",
      "TSPERF_JOB_SCENARIO": "Angular",
      "TSPERF_JOB_WARMUPS": 1,
    },
    "tsc_vscode_1_88_1_Compiler_Unions": {
      "TSPERF_JOB_HOST": "vscode@1.88.1",
      "TSPERF_JOB_ITERATIONS": 6,
      "TSPERF_JOB_KIND": "tsc",
      "TSPERF_JOB_LOCATION": "public",
      "TSPERF_JOB_NAME": "tsc_vscode_1_88_1_Compiler_Unions",
      "TSPERF_JOB_SCENARIO": "Compiler-Unions",
      "TSPERF_JOB_WARMUPS": 1,
    },
    "tsc_vscode_1_88_1_mui_docs": {
      "TSPERF_JOB_HOST": "vscode@1.88.1",
      "TSPERF_JOB_ITERATIONS": 6,
      "TSPERF_JOB_KIND": "tsc",
      "TSPERF_JOB_LOCATION": "public",
      "TSPERF_JOB_NAME": "tsc_vscode_1_88_1_mui_docs",
      "TSPERF_JOB_SCENARIO": "mui-docs",
      "TSPERF_JOB_WARMUPS": 1,
    },
    "tsc_vscode_1_88_1_self_build_src": {
      "TSPERF_JOB_HOST": "vscode@1.88.1",
      "TSPERF_JOB_ITERATIONS": 6,
      "TSPERF_JOB_KIND": "tsc",
      "TSPERF_JOB_LOCATION": "public",
      "TSPERF_JOB_NAME": "tsc_vscode_1_88_1_self_build_src",
      "TSPERF_JOB_SCENARIO": "self-build-src",
      "TSPERF_JOB_WARMUPS": 1,
    },
    "tsc_vscode_1_88_1_self_build_src_public_api": {
      "TSPERF_JOB_HOST": "vscode@1.88.1",
      "TSPERF_JOB_ITERATIONS": 6,
      "TSPERF_JOB_KIND": "tsc",
      "TSPERF_JOB_LOCATION": "public",
      "TSPERF_JOB_NAME": "tsc_vscode_1_88_1_self_build_src_public_api",
      "TSPERF_JOB_SCENARIO": "self-build-src-public-api",
      "TSPERF_JOB_WARMUPS": 1,
    },
    "tsc_vscode_1_88_1_self_compiler": {
      "TSPERF_JOB_HOST": "vscode@1.88.1",
      "TSPERF_JOB_ITERATIONS": 6,
      "TSPERF_JOB_KIND": "tsc",
      "TSPERF_JOB_LOCATION": "public",
      "TSPERF_JOB_NAME": "tsc_vscode_1_88_1_self_compiler",
      "TSPERF_JOB_SCENARIO": "self-compiler",
      "TSPERF_JOB_WARMUPS": 1,
    },
    "tsc_vscode_1_88_1_ts_pre_modules": {
      "TSPERF_JOB_HOST": "vscode@1.88.1",
      "TSPERF_JOB_ITERATIONS": 6,
      "TSPERF_JOB_KIND": "tsc",
      "TSPERF_JOB_LOCATION": "public",
      "TSPERF_JOB_NAME": "tsc_vscode_1_88_1_ts_pre_modules",
      "TSPERF_JOB_SCENARIO": "ts-pre-modules",
      "TSPERF_JOB_WARMUPS": 1,
    },
    "tsc_vscode_1_88_1_vscode": {
      "TSPERF_JOB_HOST": "vscode@1.88.1",
      "TSPERF_JOB_ITERATIONS": 6,
      "TSPERF_JOB_KIND": "tsc",
      "TSPERF_JOB_LOCATION": "public",
      "TSPERF_JOB_NAME": "tsc_vscode_1_88_1_vscode",
      "TSPERF_JOB_SCENARIO": "vscode",
      "TSPERF_JOB_WARMUPS": 1,
    },
    "tsc_vscode_1_88_1_webpack": {
      "TSPERF_JOB_HOST": "vscode@1.88.1",
      "TSPERF_JOB_ITERATIONS": 6,
      "TSPERF_JOB_KIND": "tsc",
      "TSPERF_JOB_LOCATION": "public",
      "TSPERF_JOB_NAME": "tsc_vscode_1_88_1_webpack",
      "TSPERF_JOB_SCENARIO": "webpack",
      "TSPERF_JOB_WARMUPS": 1,
    },
    "tsc_vscode_1_88_1_xstate_main": {
      "TSPERF_JOB_HOST": "vscode@1.88.1",
      "TSPERF_JOB_ITERATIONS": 6,
      "TSPERF_JOB_KIND": "tsc",
      "TSPERF_JOB_LOCATION": "public",
      "TSPERF_JOB_NAME": "tsc_vscode_1_88_1_xstate_main",
      "TSPERF_JOB_SCENARIO": "xstate-main",
      "TSPERF_JOB_WARMUPS": 1,
    },
    "tsserver_bun_1_1_3_CompilerTSServer": {
      "TSPERF_JOB_HOST": "bun@1.1.3",
      "TSPERF_JOB_ITERATIONS": 6,
      "TSPERF_JOB_KIND": "tsserver",
      "TSPERF_JOB_LOCATION": "public",
      "TSPERF_JOB_NAME": "tsserver_bun_1_1_3_CompilerTSServer",
      "TSPERF_JOB_SCENARIO": "CompilerTSServer",
      "TSPERF_JOB_WARMUPS": 1,
    },
    "tsserver_bun_1_1_3_Compiler_UnionsTSServer": {
      "TSPERF_JOB_HOST": "bun@1.1.3",
      "TSPERF_JOB_ITERATIONS": 6,
      "TSPERF_JOB_KIND": "tsserver",
      "TSPERF_JOB_LOCATION": "public",
      "TSPERF_JOB_NAME": "tsserver_bun_1_1_3_Compiler_UnionsTSServer",
      "TSPERF_JOB_SCENARIO": "Compiler-UnionsTSServer",
      "TSPERF_JOB_WARMUPS": 1,
    },
    "tsserver_bun_1_1_3_xstate_main_1_tsserver": {
      "TSPERF_JOB_HOST": "bun@1.1.3",
      "TSPERF_JOB_ITERATIONS": 6,
      "TSPERF_JOB_KIND": "tsserver",
      "TSPERF_JOB_LOCATION": "public",
      "TSPERF_JOB_NAME": "tsserver_bun_1_1_3_xstate_main_1_tsserver",
      "TSPERF_JOB_SCENARIO": "xstate-main-1-tsserver",
      "TSPERF_JOB_WARMUPS": 1,
    },
    "tsserver_vscode_1_88_1_CompilerTSServer": {
      "TSPERF_JOB_HOST": "vscode@1.88.1",
      "TSPERF_JOB_ITERATIONS": 6,
      "TSPERF_JOB_KIND": "tsserver",
      "TSPERF_JOB_LOCATION": "public",
      "TSPERF_JOB_NAME": "tsserver_vscode_1_88_1_CompilerTSServer",
      "TSPERF_JOB_SCENARIO": "CompilerTSServer",
      "TSPERF_JOB_WARMUPS": 1,
    },
    "tsserver_vscode_1_88_1_Compiler_UnionsTSServer": {
      "TSPERF_JOB_HOST": "vscode@1.88.1",
      "TSPERF_JOB_ITERATIONS": 6,
      "TSPERF_JOB_KIND": "tsserver",
      "TSPERF_JOB_LOCATION": "public",
      "TSPERF_JOB_NAME": "tsserver_vscode_1_88_1_Compiler_UnionsTSServer",
      "TSPERF_JOB_SCENARIO": "Compiler-UnionsTSServer",
      "TSPERF_JOB_WARMUPS": 1,
    },
    "tsserver_vscode_1_88_1_xstate_main_1_tsserver": {
      "TSPERF_JOB_HOST": "vscode@1.88.1",
      "TSPERF_JOB_ITERATIONS": 6,
      "TSPERF_JOB_KIND": "tsserver",
      "TSPERF_JOB_LOCATION": "public",
      "TSPERF_JOB_NAME": "tsserver_vscode_1_88_1_xstate_main_1_tsserver",
      "TSPERF_JOB_SCENARIO": "xstate-main-1-tsserver",
      "TSPERF_JOB_WARMUPS": 1,
    },
  },
  "ts-perf1": {},
  "ts-perf10": {},
  "ts-perf11": {},
  "ts-perf12": {},
  "ts-perf2": {},
  "ts-perf3": {},
  "ts-perf4": {},
  "ts-perf5": {},
  "ts-perf6": {},
  "ts-perf7": {},
  "ts-perf8": {},
  "ts-perf9": {},
}