{
  "baselineCommit": "HEAD^1",
  "baselineName": "baseline",
  "hosts": [
    "bun@1.1.3",
    "vscode@1.88.1",
  ],
  "isComparison": true,
  "isCustomCommitRange": false,
  "newCommit": "HEAD",
  "newName": "pr",
  "predictable": undefined,
  "preset": "regular",
}