{
  "parallel": "26m 18s",
  "perAgent": {
    "any": "2h 42m 26s",
  },
  "total": "2h 42m 26s",
}