{
  "parallel": "22m 44s",
  "perAgent": {
    "any": "1h 43m 36s",
  },
  "total": "1h 43m 36s",
}