{
  "hosts": undefined,
  "predictable": undefined,
  "preset": "regular",
}