{
  "parallel": "52m 57s",
  "perAgent": {
    "ts-perf1": "52m 57s",
    "ts-perf2": "44m 18s",
    "ts-perf3": "43m 1s",
  },
  "total": "2h 20m 16s",
}