{
  "any": {},
  "ts-perf1": {
    "startup_node_18_15_0_tsc_startup": {
      "TSPERF_JOB_HOST": "node@18.15.0",
      "TSPERF_JOB_ITERATIONS": 6,
      "TSPERF_JOB_KIND": "startup",
      "TSPERF_JOB_LOCATION": "public",
      "TSPERF_JOB_NAME": "startup_node_18_15_0_tsc_startup",
      "TSPERF_JOB_SCENARIO": "tsc-startup",
      "TSPERF_JOB_WARMUPS": 1,
    },
    "startup_node_18_15_0_typescript_startup": {
      "TSPERF_JOB_HOST": "node@18.15.0",
      "TSPERF_JOB_ITERATIONS": 6,
      "TSPERF_JOB_KIND": "startup",
      "TSPERF_JOB_LOCATION": "public",
      "TSPERF_JOB_NAME": "startup_node_18_15_0_typescript_startup",
      "TSPERF_JOB_SCENARIO": "typescript-startup",
      "TSPERF_JOB_WARMUPS": 1,
    },
    "tsc_node_18_15_0_Angular": {
      "TSPERF_JOB_HOST": "node@18.15.0",
      "TSPERF_JOB_ITERATIONS": 6,
      "TSPERF_JOB_KIND": "tsc",
      "TSPERF_JOB_LOCATION": "internal",
      "TSPERF_JOB_NAME": "tsc_node_18_15_0_Angular",
      "TSPERF_JOB_SCENARIO": "Angular",
      "TSPERF_JOB_WARMUPS": 1,
    },
    "tsc_node_18_15_0_self_build_src_public_api": {
      "TSPERF_JOB_HOST": "node@18.15.0",
      "TSPERF_JOB_ITERATIONS": 6,
      "TSPERF_JOB_KIND": "tsc",
      "TSPERF_JOB_LOCATION": "public",
      "TSPERF_JOB_NAME": "tsc_node_18_15_0_self_build_src_public_api",
      "TSPERF_JOB_SCENARIO": "self-build-src-public-api",
      "TSPERF_JOB_WARMUPS": 1,
    },
    "tsc_node_18_15_0_self_compiler": {
      "TSPERF_JOB_HOST": "node@18.15.0",
      "TSPERF_JOB_ITERATIONS": 6,
      "TSPERF_JOB_KIND": "tsc",
      "TSPERF_JOB_LOCATION": "public",
      "TSPERF_JOB_NAME": "tsc_node_18_15_0_self_compiler",
      "TSPERF_JOB_SCENARIO": "self-compiler",
      "TSPERF_JOB_WARMUPS": 1,
    },
    "tsc_node_20_5_1_Angular": {
      "TSPERF_JOB_HOST": "node@20.5.1",
      "TSPERF_JOB_ITERATIONS": 6,
      "TSPERF_JOB_KIND": "tsc",
      "TSPERF_JOB_LOCATION": "internal",
      "TSPERF_JOB_NAME": "tsc_node_20_5_1_Angular",
      "TSPERF_JOB_SCENARIO": "Angular",
      "TSPERF_JOB_WARMUPS": 1,
    },
    "tsc_node_20_5_1_self_build_src_public_api": {
      "TSPERF_JOB_HOST": "node@20.5.1",
      "TSPERF_JOB_ITERATIONS": 6,
      "TSPERF_JOB_KIND": "tsc",
      "TSPERF_JOB_LOCATION": "public",
      "TSPERF_JOB_NAME": "tsc_node_20_5_1_self_build_src_public_api",
      "TSPERF_JOB_SCENARIO": "self-build-src-public-api",
      "TSPERF_JOB_WARMUPS": 1,
    },
    "tsc_node_20_5_1_self_compiler": {
      "TSPERF_JOB_HOST": "node@20.5.1",
      "TSPERF_JOB_ITERATIONS": 6,
      "TSPERF_JOB_KIND": "tsc",
      "TSPERF_JOB_LOCATION": "public",
      "TSPERF_JOB_NAME": "tsc_node_20_5_1_self_compiler",
      "TSPERF_JOB_SCENARIO": "self-compiler",
      "TSPERF_JOB_WARMUPS": 1,
    },
    "tsserver_node_18_15_0_Compiler_UnionsTSServer": {
      "TSPERF_JOB_HOST": "node@18.15.0",
      "TSPERF_JOB_ITERATIONS": 6,
      "TSPERF_JOB_KIND": "tsserver",
      "TSPERF_JOB_LOCATION": "public",
      "TSPERF_JOB_NAME": "tsserver_node_18_15_0_Compiler_UnionsTSServer",
      "TSPERF_JOB_SCENARIO": "Compiler-UnionsTSServer",
      "TSPERF_JOB_WARMUPS": 1,
    },
  },
  "ts-perf10": {},
  "ts-perf11": {},
  "ts-perf12": {},
  "ts-perf2": {
    "startup_node_18_15_0_tsserver_startup": {
      "TSPERF_JOB_HOST": "node@18.15.0",
      "TSPERF_JOB_ITERATIONS": 6,
      "TSPERF_JOB_KIND": "startup",
      "TSPERF_JOB_LOCATION": "public",
      "TSPERF_JOB_NAME": "startup_node_18_15_0_tsserver_startup",
      "TSPERF_JOB_SCENARIO": "tsserver-startup",
      "TSPERF_JOB_WARMUPS": 1,
    },
    "tsc_node_18_15_0_Compiler_Unions": {
      "TSPERF_JOB_HOST": "node@18.15.0",
      "TSPERF_JOB_ITERATIONS": 6,
      "TSPERF_JOB_KIND": "tsc",
      "TSPERF_JOB_LOCATION": "public",
      "TSPERF_JOB_NAME": "tsc_node_18_15_0_Compiler_Unions",
      "TSPERF_JOB_SCENARIO": "Compiler-Unions",
      "TSPERF_JOB_WARMUPS": 1,
    },
    "tsc_node_18_15_0_mui_docs_1": {
      "TSPERF_JOB_HOST": "node@18.15.0",
      "TSPERF_JOB_ITERATIONS": 6,
      "TSPERF_JOB_KIND": "tsc",
      "TSPERF_JOB_LOCATION": "public",
      "TSPERF_JOB_NAME": "tsc_node_18_15_0_mui_docs_1",
      "TSPERF_JOB_SCENARIO": "mui-docs-1",
      "TSPERF_JOB_WARMUPS": 1,
    },
    "tsc_node_18_15_0_self_build_src": {
      "TSPERF_JOB_HOST": "node@18.15.0",
      "TSPERF_JOB_ITERATIONS": 6,
      "TSPERF_JOB_KIND": "tsc",
      "TSPERF_JOB_LOCATION": "public",
      "TSPERF_JOB_NAME": "tsc_node_18_15_0_self_build_src",
      "TSPERF_JOB_SCENARIO": "self-build-src",
      "TSPERF_JOB_WARMUPS": 1,
    },
    "tsc_node_20_5_1_Compiler_Unions": {
      "TSPERF_JOB_HOST": "node@20.5.1",
      "TSPERF_JOB_ITERATIONS": 6,
      "TSPERF_JOB_KIND": "tsc",
      "TSPERF_JOB_LOCATION": "public",
      "TSPERF_JOB_NAME": "tsc_node_20_5_1_Compiler_Unions",
      "TSPERF_JOB_SCENARIO": "Compiler-Unions",
      "TSPERF_JOB_WARMUPS": 1,
    },
    "tsc_node_20_5_1_mui_docs_1": {
      "TSPERF_JOB_HOST": "node@20.5.1",
      "TSPERF_JOB_ITERATIONS": 6,
      "TSPERF_JOB_KIND": "tsc",
      "TSPERF_JOB_LOCATION": "public",
      "TSPERF_JOB_NAME": "tsc_node_20_5_1_mui_docs_1",
      "TSPERF_JOB_SCENARIO": "mui-docs-1",
      "TSPERF_JOB_WARMUPS": 1,
    },
    "tsc_node_20_5_1_self_build_src": {
      "TSPERF_JOB_HOST": "node@20.5.1",
      "TSPERF_JOB_ITERATIONS": 6,
      "TSPERF_JOB_KIND": "tsc",
      "TSPERF_JOB_LOCATION": "public",
      "TSPERF_JOB_NAME": "tsc_node_20_5_1_self_build_src",
      "TSPERF_JOB_SCENARIO": "self-build-src",
      "TSPERF_JOB_WARMUPS": 1,
    },
    "tsserver_node_18_15_0_CompilerTSServer": {
      "TSPERF_JOB_HOST": "node@18.15.0",
      "TSPERF_JOB_ITERATIONS": 6,
      "TSPERF_JOB_KIND": "tsserver",
      "TSPERF_JOB_LOCATION": "public",
      "TSPERF_JOB_NAME": "tsserver_node_18_15_0_CompilerTSServer",
      "TSPERF_JOB_SCENARIO": "CompilerTSServer",
      "TSPERF_JOB_WARMUPS": 1,
    },
  },
  "ts-perf3": {
    "startup_node_18_15_0_tsserverlibrary_startup": {
      "TSPERF_JOB_HOST": "node@18.15.0",
      "TSPERF_JOB_ITERATIONS": 6,
      "TSPERF_JOB_KIND": "startup",
      "TSPERF_JOB_LOCATION": "public",
      "TSPERF_JOB_NAME": "startup_node_18_15_0_tsserverlibrary_startup",
      "TSPERF_JOB_SCENARIO": "tsserverlibrary-startup",
      "TSPERF_JOB_WARMUPS": 1,
    },
    "tsc_node_18_15_0_TFS": {
      "TSPERF_JOB_HOST": "node@18.15.0",
      "TSPERF_JOB_ITERATIONS": 6,
      "TSPERF_JOB_KIND": "tsc",
      "TSPERF_JOB_LOCATION": "internal",
      "TSPERF_JOB_NAME": "tsc_node_18_15_0_TFS",
      "TSPERF_JOB_SCENARIO": "TFS",
      "TSPERF_JOB_WARMUPS": 1,
    },
    "tsc_node_18_15_0_vscode": {
      "TSPERF_JOB_HOST": "node@18.15.0",
      "TSPERF_JOB_ITERATIONS": 6,
      "TSPERF_JOB_KIND": "tsc",
      "TSPERF_JOB_LOCATION": "public",
      "TSPERF_JOB_NAME": "tsc_node_18_15_0_vscode",
      "TSPERF_JOB_SCENARIO": "vscode",
      "TSPERF_JOB_WARMUPS": 1,
    },
    "tsc_node_18_15_0_webpack_1": {
      "TSPERF_JOB_HOST": "node@18.15.0",
      "TSPERF_JOB_ITERATIONS": 6,
      "TSPERF_JOB_KIND": "tsc",
      "TSPERF_JOB_LOCATION": "public",
      "TSPERF_JOB_NAME": "tsc_node_18_15_0_webpack_1",
      "TSPERF_JOB_SCENARIO": "webpack-1",
      "TSPERF_JOB_WARMUPS": 1,
    },
    "tsc_node_18_15_0_xstate": {
      "TSPERF_JOB_HOST": "node@18.15.0",
      "TSPERF_JOB_ITERATIONS": 6,
      "TSPERF_JOB_KIND": "tsc",
      "TSPERF_JOB_LOCATION": "internal",
      "TSPERF_JOB_NAME": "tsc_node_18_15_0_xstate",
      "TSPERF_JOB_SCENARIO": "xstate",
      "TSPERF_JOB_WARMUPS": 1,
    },
    "tsc_node_20_5_1_TFS": {
      "TSPERF_JOB_HOST": "node@20.5.1",
      "TSPERF_JOB_ITERATIONS": 6,
      "TSPERF_JOB_KIND": "tsc",
      "TSPERF_JOB_LOCATION": "internal",
      "TSPERF_JOB_NAME": "tsc_node_20_5_1_TFS",
      "TSPERF_JOB_SCENARIO": "TFS",
      "TSPERF_JOB_WARMUPS": 1,
    },
    "tsc_node_20_5_1_vscode": {
      "TSPERF_JOB_HOST": "node@20.5.1",
      "TSPERF_JOB_ITERATIONS": 6,
      "TSPERF_JOB_KIND": "tsc",
      "TSPERF_JOB_LOCATION": "public",
      "TSPERF_JOB_NAME": "tsc_node_20_5_1_vscode",
      "TSPERF_JOB_SCENARIO": "vscode",
      "TSPERF_JOB_WARMUPS": 1,
    },
    "tsc_node_20_5_1_webpack_1": {
      "TSPERF_JOB_HOST": "node@20.5.1",
      "TSPERF_JOB_ITERATIONS": 6,
      "TSPERF_JOB_KIND": "tsc",
      "TSPERF_JOB_LOCATION": "public",
      "TSPERF_JOB_NAME": "tsc_node_20_5_1_webpack_1",
      "TSPERF_JOB_SCENARIO": "webpack-1",
      "TSPERF_JOB_WARMUPS": 1,
    },
    "tsc_node_20_5_1_xstate": {
      "TSPERF_JOB_HOST": "node@20.5.1",
      "TSPERF_JOB_ITERATIONS": 6,
      "TSPERF_JOB_KIND": "tsc",
      "TSPERF_JOB_LOCATION": "internal",
      "TSPERF_JOB_NAME": "tsc_node_20_5_1_xstate",
      "TSPERF_JOB_SCENARIO": "xstate",
      "TSPERF_JOB_WARMUPS": 1,
    },
    "tsserver_node_18_15_0_xstateTSServer": {
      "TSPERF_JOB_HOST": "node@18.15.0",
      "TSPERF_JOB_ITERATIONS": 6,
      "TSPERF_JOB_KIND": "tsserver",
      "TSPERF_JOB_LOCATION": "internal",
      "TSPERF_JOB_NAME": "tsserver_node_18_15_0_xstateTSServer",
      "TSPERF_JOB_SCENARIO": "xstateTSServer",
      "TSPERF_JOB_WARMUPS": 1,
    },
  },
  "ts-perf4": {},
  "ts-perf5": {},
  "ts-perf6": {},
  "ts-perf7": {},
  "ts-perf8": {},
  "ts-perf9": {},
}