{
  "MATRIX_any": "{}",
  "MATRIX_ts_perf1": "{"startup_node_18_15_0_tsc_startup":{"TSPERF_JOB_HOST":"node@18.15.0","TSPERF_JOB_ITERATIONS":6,"TSPERF_JOB_KIND":"startup","TSPERF_JOB_LOCATION":"public","TSPERF_JOB_NAME":"startup_node_18_15_0_tsc_startup","TSPERF_JOB_SCENARIO":"tsc-startup"},"startup_node_18_15_0_typescript_startup":{"TSPERF_JOB_HOST":"node@18.15.0","TSPERF_JOB_ITERATIONS":6,"TSPERF_JOB_KIND":"startup","TSPERF_JOB_LOCATION":"public","TSPERF_JOB_NAME":"startup_node_18_15_0_typescript_startup","TSPERF_JOB_SCENARIO":"typescript-startup"},"tsc_node_18_15_0_Angular":{"TSPERF_JOB_HOST":"node@18.15.0","TSPERF_JOB_ITERATIONS":6,"TSPERF_JOB_KIND":"tsc","TSPERF_JOB_LOCATION":"internal","TSPERF_JOB_NAME":"tsc_node_18_15_0_Angular","TSPERF_JOB_SCENARIO":"Angular"},"tsc_node_18_15_0_material_ui":{"TSPERF_JOB_HOST":"node@18.15.0","TSPERF_JOB_ITERATIONS":6,"TSPERF_JOB_KIND":"tsc","TSPERF_JOB_LOCATION":"internal","TSPERF_JOB_NAME":"tsc_node_18_15_0_material_ui","TSPERF_JOB_SCENARIO":"material-ui"},"tsc_node_18_15_0_self_build_src_public_api":{"TSPERF_JOB_HOST":"node@18.15.0","TSPERF_JOB_ITERATIONS":6,"TSPERF_JOB_KIND":"tsc","TSPERF_JOB_LOCATION":"public","TSPERF_JOB_NAME":"tsc_node_18_15_0_self_build_src_public_api","TSPERF_JOB_SCENARIO":"self-build-src-public-api"},"tsc_node_18_15_0_self_compiler":{"TSPERF_JOB_HOST":"node@18.15.0","TSPERF_JOB_ITERATIONS":6,"TSPERF_JOB_KIND":"tsc","TSPERF_JOB_LOCATION":"public","TSPERF_JOB_NAME":"tsc_node_18_15_0_self_compiler","TSPERF_JOB_SCENARIO":"self-compiler"},"tsc_node_20_5_1_Angular":{"TSPERF_JOB_HOST":"node@20.5.1","TSPERF_JOB_ITERATIONS":6,"TSPERF_JOB_KIND":"tsc","TSPERF_JOB_LOCATION":"internal","TSPERF_JOB_NAME":"tsc_node_20_5_1_Angular","TSPERF_JOB_SCENARIO":"Angular"},"tsc_node_20_5_1_material_ui":{"TSPERF_JOB_HOST":"node@20.5.1","TSPERF_JOB_ITERATIONS":6,"TSPERF_JOB_KIND":"tsc","TSPERF_JOB_LOCATION":"internal","TSPERF_JOB_NAME":"tsc_node_20_5_1_material_ui","TSPERF_JOB_SCENARIO":"material-ui"},"tsc_node_20_5_1_self_build_src_public_api":{"TSPERF_JOB_HOST":"node@20.5.1","TSPERF_JOB_ITERATIONS":6,"TSPERF_JOB_KIND":"tsc","TSPERF_JOB_LOCATION":"public","TSPERF_JOB_NAME":"tsc_node_20_5_1_self_build_src_public_api","TSPERF_JOB_SCENARIO":"self-build-src-public-api"},"tsc_node_20_5_1_self_compiler":{"TSPERF_JOB_HOST":"node@20.5.1","TSPERF_JOB_ITERATIONS":6,"TSPERF_JOB_KIND":"tsc","TSPERF_JOB_LOCATION":"public","TSPERF_JOB_NAME":"tsc_node_20_5_1_self_compiler","TSPERF_JOB_SCENARIO":"self-compiler"},"tsserver_node_18_15_0_Compiler_UnionsTSServer":{"TSPERF_JOB_HOST":"node@18.15.0","TSPERF_JOB_ITERATIONS":6,"TSPERF_JOB_KIND":"tsserver","TSPERF_JOB_LOCATION":"public","TSPERF_JOB_NAME":"tsserver_node_18_15_0_Compiler_UnionsTSServer","TSPERF_JOB_SCENARIO":"Compiler-UnionsTSServer"}}",
  "MATRIX_ts_perf10": "{}",
  "MATRIX_ts_perf11": "{}",
  "MATRIX_ts_perf12": "{}",
  "MATRIX_ts_perf2": "{"startup_node_18_15_0_tsserver_startup":{"TSPERF_JOB_HOST":"node@18.15.0","TSPERF_JOB_ITERATIONS":6,"TSPERF_JOB_KIND":"startup","TSPERF_JOB_LOCATION":"public","TSPERF_JOB_NAME":"startup_node_18_15_0_tsserver_startup","TSPERF_JOB_SCENARIO":"tsserver-startup"},"tsc_node_18_15_0_Compiler_Unions":{"TSPERF_JOB_HOST":"node@18.15.0","TSPERF_JOB_ITERATIONS":6,"TSPERF_JOB_KIND":"tsc","TSPERF_JOB_LOCATION":"public","TSPERF_JOB_NAME":"tsc_node_18_15_0_Compiler_Unions","TSPERF_JOB_SCENARIO":"Compiler-Unions"},"tsc_node_18_15_0_Monaco":{"TSPERF_JOB_HOST":"node@18.15.0","TSPERF_JOB_ITERATIONS":6,"TSPERF_JOB_KIND":"tsc","TSPERF_JOB_LOCATION":"internal","TSPERF_JOB_NAME":"tsc_node_18_15_0_Monaco","TSPERF_JOB_SCENARIO":"Monaco"},"tsc_node_18_15_0_mui_docs_1":{"TSPERF_JOB_HOST":"node@18.15.0","TSPERF_JOB_ITERATIONS":6,"TSPERF_JOB_KIND":"tsc","TSPERF_JOB_LOCATION":"public","TSPERF_JOB_NAME":"tsc_node_18_15_0_mui_docs_1","TSPERF_JOB_SCENARIO":"mui-docs-1"},"tsc_node_18_15_0_self_build_src":{"TSPERF_JOB_HOST":"node@18.15.0","TSPERF_JOB_ITERATIONS":6,"TSPERF_JOB_KIND":"tsc","TSPERF_JOB_LOCATION":"public","TSPERF_JOB_NAME":"tsc_node_18_15_0_self_build_src","TSPERF_JOB_SCENARIO":"self-build-src"},"tsc_node_20_5_1_Compiler_Unions":{"TSPERF_JOB_HOST":"node@20.5.1","TSPERF_JOB_ITERATIONS":6,"TSPERF_JOB_KIND":"tsc","TSPERF_JOB_LOCATION":"public","TSPERF_JOB_NAME":"tsc_node_20_5_1_Compiler_Unions","TSPERF_JOB_SCENARIO":"Compiler-Unions"},"tsc_node_20_5_1_Monaco":{"TSPERF_JOB_HOST":"node@20.5.1","TSPERF_JOB_ITERATIONS":6,"TSPERF_JOB_KIND":"tsc","TSPERF_JOB_LOCATION":"internal","TSPERF_JOB_NAME":"tsc_node_20_5_1_Monaco","TSPERF_JOB_SCENARIO":"Monaco"},"tsc_node_20_5_1_mui_docs_1":{"TSPERF_JOB_HOST":"node@20.5.1","TSPERF_JOB_ITERATIONS":6,"TSPERF_JOB_KIND":"tsc","TSPERF_JOB_LOCATION":"public","TSPERF_JOB_NAME":"tsc_node_20_5_1_mui_docs_1","TSPERF_JOB_SCENARIO":"mui-docs-1"},"tsc_node_20_5_1_self_build_src":{"TSPERF_JOB_HOST":"node@20.5.1","TSPERF_JOB_ITERATIONS":6,"TSPERF_JOB_KIND":"tsc","TSPERF_JOB_LOCATION":"public","TSPERF_JOB_NAME":"tsc_node_20_5_1_self_build_src","TSPERF_JOB_SCENARIO":"self-build-src"},"tsserver_node_18_15_0_CompilerTSServer":{"TSPERF_JOB_HOST":"node@18.15.0","TSPERF_JOB_ITERATIONS":6,"TSPERF_JOB_KIND":"tsserver","TSPERF_JOB_LOCATION":"public","TSPERF_JOB_NAME":"tsserver_node_18_15_0_CompilerTSServer","TSPERF_JOB_SCENARIO":"CompilerTSServer"}}",
  "MATRIX_ts_perf3": "{"startup_node_18_15_0_tsserverlibrary_startup":{"TSPERF_JOB_HOST":"node@18.15.0","TSPERF_JOB_ITERATIONS":6,"TSPERF_JOB_KIND":"startup","TSPERF_JOB_LOCATION":"public","TSPERF_JOB_NAME":"startup_node_18_15_0_tsserverlibrary_startup","TSPERF_JOB_SCENARIO":"tsserverlibrary-startup"},"tsc_node_18_15_0_TFS":{"TSPERF_JOB_HOST":"node@18.15.0","TSPERF_JOB_ITERATIONS":6,"TSPERF_JOB_KIND":"tsc","TSPERF_JOB_LOCATION":"internal","TSPERF_JOB_NAME":"tsc_node_18_15_0_TFS","TSPERF_JOB_SCENARIO":"TFS"},"tsc_node_18_15_0_vscode":{"TSPERF_JOB_HOST":"node@18.15.0","TSPERF_JOB_ITERATIONS":6,"TSPERF_JOB_KIND":"tsc","TSPERF_JOB_LOCATION":"public","TSPERF_JOB_NAME":"tsc_node_18_15_0_vscode","TSPERF_JOB_SCENARIO":"vscode"},"tsc_node_18_15_0_webpack_1":{"TSPERF_JOB_HOST":"node@18.15.0","TSPERF_JOB_ITERATIONS":6,"TSPERF_JOB_KIND":"tsc","TSPERF_JOB_LOCATION":"public","TSPERF_JOB_NAME":"tsc_node_18_15_0_webpack_1","TSPERF_JOB_SCENARIO":"webpack-1"},"tsc_node_18_15_0_xstate":{"TSPERF_JOB_HOST":"node@18.15.0","TSPERF_JOB_ITERATIONS":6,"TSPERF_JOB_KIND":"tsc","TSPERF_JOB_LOCATION":"internal","TSPERF_JOB_NAME":"tsc_node_18_15_0_xstate","TSPERF_JOB_SCENARIO":"xstate"},"tsc_node_20_5_1_TFS":{"TSPERF_JOB_HOST":"node@20.5.1","TSPERF_JOB_ITERATIONS":6,"TSPERF_JOB_KIND":"tsc","TSPERF_JOB_LOCATION":"internal","TSPERF_JOB_NAME":"tsc_node_20_5_1_TFS","TSPERF_JOB_SCENARIO":"TFS"},"tsc_node_20_5_1_vscode":{"TSPERF_JOB_HOST":"node@20.5.1","TSPERF_JOB_ITERATIONS":6,"TSPERF_JOB_KIND":"tsc","TSPERF_JOB_LOCATION":"public","TSPERF_JOB_NAME":"tsc_node_20_5_1_vscode","TSPERF_JOB_SCENARIO":"vscode"},"tsc_node_20_5_1_webpack_1":{"TSPERF_JOB_HOST":"node@20.5.1","TSPERF_JOB_ITERATIONS":6,"TSPERF_JOB_KIND":"tsc","TSPERF_JOB_LOCATION":"public","TSPERF_JOB_NAME":"tsc_node_20_5_1_webpack_1","TSPERF_JOB_SCENARIO":"webpack-1"},"tsc_node_20_5_1_xstate":{"TSPERF_JOB_HOST":"node@20.5.1","TSPERF_JOB_ITERATIONS":6,"TSPERF_JOB_KIND":"tsc","TSPERF_JOB_LOCATION":"internal","TSPERF_JOB_NAME":"tsc_node_20_5_1_xstate","TSPERF_JOB_SCENARIO":"xstate"},"tsserver_node_18_15_0_xstateTSServer":{"TSPERF_JOB_HOST":"node@18.15.0","TSPERF_JOB_ITERATIONS":6,"TSPERF_JOB_KIND":"tsserver","TSPERF_JOB_LOCATION":"internal","TSPERF_JOB_NAME":"tsserver_node_18_15_0_xstateTSServer","TSPERF_JOB_SCENARIO":"xstateTSServer"}}",
  "MATRIX_ts_perf4": "{}",
  "MATRIX_ts_perf5": "{}",
  "MATRIX_ts_perf6": "{}",
  "MATRIX_ts_perf7": "{}",
  "MATRIX_ts_perf8": "{}",
  "MATRIX_ts_perf9": "{}",
  "TSPERF_BASELINE_COMMIT": "HEAD",
  "TSPERF_BASELINE_NAME": "baseline",
  "TSPERF_IS_COMPARISON": "false",
  "TSPERF_IS_CUSTOM_COMMIT_RANGE": "false",
  "TSPERF_NEW_COMMIT": "",
  "TSPERF_NEW_NAME": "",
  "TSPERF_PREDICTABLE": "false",
  "TSPERF_PROCESS_KINDS": "tsc tsserver startup",
  "TSPERF_PROCESS_LOCATIONS": "internal,public",
}