{
  "MATRIX_any": "{}",
  "MATRIX_ts_perf1": "{"tsc_node_20_5_1_mui_docs":{"TSPERF_JOB_HOST":"node@20.5.1","TSPERF_JOB_ITERATIONS":6,"TSPERF_JOB_KIND":"tsc","TSPERF_JOB_LOCATION":"public","TSPERF_JOB_NAME":"tsc_node_20_5_1_mui_docs","TSPERF_JOB_SCENARIO":"mui-docs"},"tsc_node_20_5_1_vscode":{"TSPERF_JOB_HOST":"node@20.5.1","TSPERF_JOB_ITERATIONS":6,"TSPERF_JOB_KIND":"tsc","TSPERF_JOB_LOCATION":"public","TSPERF_JOB_NAME":"tsc_node_20_5_1_vscode","TSPERF_JOB_SCENARIO":"vscode"}}",
  "MATRIX_ts_perf2": "{"tsc_node_20_5_1_self_compiler":{"TSPERF_JOB_HOST":"node@20.5.1","TSPERF_JOB_ITERATIONS":6,"TSPERF_JOB_KIND":"tsc","TSPERF_JOB_LOCATION":"public","TSPERF_JOB_NAME":"tsc_node_20_5_1_self_compiler","TSPERF_JOB_SCENARIO":"self-compiler"}}",
  "MATRIX_ts_perf3": "{"tsc_node_20_5_1_self_build_src":{"TSPERF_JOB_HOST":"node@20.5.1","TSPERF_JOB_ITERATIONS":6,"TSPERF_JOB_KIND":"tsc","TSPERF_JOB_LOCATION":"public","TSPERF_JOB_NAME":"tsc_node_20_5_1_self_build_src","TSPERF_JOB_SCENARIO":"self-build-src"},"tsc_node_20_5_1_webpack":{"TSPERF_JOB_HOST":"node@20.5.1","TSPERF_JOB_ITERATIONS":6,"TSPERF_JOB_KIND":"tsc","TSPERF_JOB_LOCATION":"public","TSPERF_JOB_NAME":"tsc_node_20_5_1_webpack","TSPERF_JOB_SCENARIO":"webpack"}}",
  "MATRIX_ts_perf4": "{}",
  "TSPERF_PROCESS_KINDS": "tsc",
  "TSPERF_PROCESS_LOCATIONS": "public",
}