{
  "parallel": "22m 44s",
  "perAgent": {
    "any": "1h 7m 48s",
  },
  "total": "1h 7m 48s",
}