{
  "any": {
    "tsc_node_20_5_1_mui_docs": {
      "TSPERF_JOB_HOST": "node@20.5.1",
      "TSPERF_JOB_ITERATIONS": 6,
      "TSPERF_JOB_KIND": "tsc",
      "TSPERF_JOB_LOCATION": "public",
      "TSPERF_JOB_NAME": "tsc_node_20_5_1_mui_docs",
      "TSPERF_JOB_SCENARIO": "mui-docs",
    },
    "tsc_node_20_5_1_self_build_src": {
      "TSPERF_JOB_HOST": "node@20.5.1",
      "TSPERF_JOB_ITERATIONS": 6,
      "TSPERF_JOB_KIND": "tsc",
      "TSPERF_JOB_LOCATION": "public",
      "TSPERF_JOB_NAME": "tsc_node_20_5_1_self_build_src",
      "TSPERF_JOB_SCENARIO": "self-build-src",
    },
    "tsc_node_20_5_1_self_compiler": {
      "TSPERF_JOB_HOST": "node@20.5.1",
      "TSPERF_JOB_ITERATIONS": 6,
      "TSPERF_JOB_KIND": "tsc",
      "TSPERF_JOB_LOCATION": "public",
      "TSPERF_JOB_NAME": "tsc_node_20_5_1_self_compiler",
      "TSPERF_JOB_SCENARIO": "self-compiler",
    },
    "tsc_node_20_5_1_vscode": {
      "TSPERF_JOB_HOST": "node@20.5.1",
      "TSPERF_JOB_ITERATIONS": 6,
      "TSPERF_JOB_KIND": "tsc",
      "TSPERF_JOB_LOCATION": "public",
      "TSPERF_JOB_NAME": "tsc_node_20_5_1_vscode",
      "TSPERF_JOB_SCENARIO": "vscode",
    },
    "tsc_node_20_5_1_webpack": {
      "TSPERF_JOB_HOST": "node@20.5.1",
      "TSPERF_JOB_ITERATIONS": 6,
      "TSPERF_JOB_KIND": "tsc",
      "TSPERF_JOB_LOCATION": "public",
      "TSPERF_JOB_NAME": "tsc_node_20_5_1_webpack",
      "TSPERF_JOB_SCENARIO": "webpack",
    },
  },
  "ts-perf1": {},
  "ts-perf2": {},
  "ts-perf3": {},
  "ts-perf4": {},
}