{
  "any": {},
  "ts-perf1": {
    "startup_vscode_1_82_1_tsc_startup": {
      "TSPERF_JOB_HOST": "vscode@1.82.1",
      "TSPERF_JOB_ITERATIONS": 6,
      "TSPERF_JOB_KIND": "startup",
      "TSPERF_JOB_LOCATION": "internal",
      "TSPERF_JOB_NAME": "startup_vscode_1_82_1_tsc_startup",
      "TSPERF_JOB_SCENARIO": "tsc-startup",
    },
    "startup_vscode_1_82_1_typescript_startup": {
      "TSPERF_JOB_HOST": "vscode@1.82.1",
      "TSPERF_JOB_ITERATIONS": 6,
      "TSPERF_JOB_KIND": "startup",
      "TSPERF_JOB_LOCATION": "internal",
      "TSPERF_JOB_NAME": "startup_vscode_1_82_1_typescript_startup",
      "TSPERF_JOB_SCENARIO": "typescript-startup",
    },
    "tsc_vscode_1_82_1_Angular": {
      "TSPERF_JOB_HOST": "vscode@1.82.1",
      "TSPERF_JOB_ITERATIONS": 6,
      "TSPERF_JOB_KIND": "tsc",
      "TSPERF_JOB_LOCATION": "internal",
      "TSPERF_JOB_NAME": "tsc_vscode_1_82_1_Angular",
      "TSPERF_JOB_SCENARIO": "Angular",
    },
    "tsc_vscode_1_82_1_material_ui": {
      "TSPERF_JOB_HOST": "vscode@1.82.1",
      "TSPERF_JOB_ITERATIONS": 6,
      "TSPERF_JOB_KIND": "tsc",
      "TSPERF_JOB_LOCATION": "internal",
      "TSPERF_JOB_NAME": "tsc_vscode_1_82_1_material_ui",
      "TSPERF_JOB_SCENARIO": "material-ui",
    },
    "tsserver_vscode_1_82_1_Compiler_UnionsTSServer": {
      "TSPERF_JOB_HOST": "vscode@1.82.1",
      "TSPERF_JOB_ITERATIONS": 6,
      "TSPERF_JOB_KIND": "tsserver",
      "TSPERF_JOB_LOCATION": "internal",
      "TSPERF_JOB_NAME": "tsserver_vscode_1_82_1_Compiler_UnionsTSServer",
      "TSPERF_JOB_SCENARIO": "Compiler-UnionsTSServer",
    },
  },
  "ts-perf2": {
    "startup_vscode_1_82_1_tsserver_startup": {
      "TSPERF_JOB_HOST": "vscode@1.82.1",
      "TSPERF_JOB_ITERATIONS": 6,
      "TSPERF_JOB_KIND": "startup",
      "TSPERF_JOB_LOCATION": "internal",
      "TSPERF_JOB_NAME": "startup_vscode_1_82_1_tsserver_startup",
      "TSPERF_JOB_SCENARIO": "tsserver-startup",
    },
    "tsc_vscode_1_82_1_Compiler_Unions": {
      "TSPERF_JOB_HOST": "vscode@1.82.1",
      "TSPERF_JOB_ITERATIONS": 6,
      "TSPERF_JOB_KIND": "tsc",
      "TSPERF_JOB_LOCATION": "internal",
      "TSPERF_JOB_NAME": "tsc_vscode_1_82_1_Compiler_Unions",
      "TSPERF_JOB_SCENARIO": "Compiler-Unions",
    },
    "tsc_vscode_1_82_1_Monaco": {
      "TSPERF_JOB_HOST": "vscode@1.82.1",
      "TSPERF_JOB_ITERATIONS": 6,
      "TSPERF_JOB_KIND": "tsc",
      "TSPERF_JOB_LOCATION": "internal",
      "TSPERF_JOB_NAME": "tsc_vscode_1_82_1_Monaco",
      "TSPERF_JOB_SCENARIO": "Monaco",
    },
    "tsserver_vscode_1_82_1_CompilerTSServer": {
      "TSPERF_JOB_HOST": "vscode@1.82.1",
      "TSPERF_JOB_ITERATIONS": 6,
      "TSPERF_JOB_KIND": "tsserver",
      "TSPERF_JOB_LOCATION": "internal",
      "TSPERF_JOB_NAME": "tsserver_vscode_1_82_1_CompilerTSServer",
      "TSPERF_JOB_SCENARIO": "CompilerTSServer",
    },
  },
  "ts-perf3": {
    "startup_vscode_1_82_1_tsserverlibrary_startup": {
      "TSPERF_JOB_HOST": "vscode@1.82.1",
      "TSPERF_JOB_ITERATIONS": 6,
      "TSPERF_JOB_KIND": "startup",
      "TSPERF_JOB_LOCATION": "internal",
      "TSPERF_JOB_NAME": "startup_vscode_1_82_1_tsserverlibrary_startup",
      "TSPERF_JOB_SCENARIO": "tsserverlibrary-startup",
    },
    "tsc_vscode_1_82_1_TFS": {
      "TSPERF_JOB_HOST": "vscode@1.82.1",
      "TSPERF_JOB_ITERATIONS": 6,
      "TSPERF_JOB_KIND": "tsc",
      "TSPERF_JOB_LOCATION": "internal",
      "TSPERF_JOB_NAME": "tsc_vscode_1_82_1_TFS",
      "TSPERF_JOB_SCENARIO": "TFS",
    },
    "tsc_vscode_1_82_1_xstate": {
      "TSPERF_JOB_HOST": "vscode@1.82.1",
      "TSPERF_JOB_ITERATIONS": 6,
      "TSPERF_JOB_KIND": "tsc",
      "TSPERF_JOB_LOCATION": "internal",
      "TSPERF_JOB_NAME": "tsc_vscode_1_82_1_xstate",
      "TSPERF_JOB_SCENARIO": "xstate",
    },
    "tsserver_vscode_1_82_1_xstateTSServer": {
      "TSPERF_JOB_HOST": "vscode@1.82.1",
      "TSPERF_JOB_ITERATIONS": 6,
      "TSPERF_JOB_KIND": "tsserver",
      "TSPERF_JOB_LOCATION": "internal",
      "TSPERF_JOB_NAME": "tsserver_vscode_1_82_1_xstateTSServer",
      "TSPERF_JOB_SCENARIO": "xstateTSServer",
    },
  },
  "ts-perf4": {},
}