{
  "MATRIX_any": "{}",
  "MATRIX_ts_perf1": "{"startup_vscode_1_82_1_tsc_startup":{"TSPERF_JOB_HOST":"vscode@1.82.1","TSPERF_JOB_ITERATIONS":6,"TSPERF_JOB_KIND":"startup","TSPERF_JOB_LOCATION":"internal","TSPERF_JOB_NAME":"startup_vscode_1_82_1_tsc_startup","TSPERF_JOB_SCENARIO":"tsc-startup"},"startup_vscode_1_82_1_typescript_startup":{"TSPERF_JOB_HOST":"vscode@1.82.1","TSPERF_JOB_ITERATIONS":6,"TSPERF_JOB_KIND":"startup","TSPERF_JOB_LOCATION":"internal","TSPERF_JOB_NAME":"startup_vscode_1_82_1_typescript_startup","TSPERF_JOB_SCENARIO":"typescript-startup"},"tsc_vscode_1_82_1_Angular":{"TSPERF_JOB_HOST":"vscode@1.82.1","TSPERF_JOB_ITERATIONS":6,"TSPERF_JOB_KIND":"tsc","TSPERF_JOB_LOCATION":"internal","TSPERF_JOB_NAME":"tsc_vscode_1_82_1_Angular","TSPERF_JOB_SCENARIO":"Angular"},"tsc_vscode_1_82_1_material_ui":{"TSPERF_JOB_HOST":"vscode@1.82.1","TSPERF_JOB_ITERATIONS":6,"TSPERF_JOB_KIND":"tsc","TSPERF_JOB_LOCATION":"internal","TSPERF_JOB_NAME":"tsc_vscode_1_82_1_material_ui","TSPERF_JOB_SCENARIO":"material-ui"},"tsc_vscode_1_82_1_self_compiler":{"TSPERF_JOB_HOST":"vscode@1.82.1","TSPERF_JOB_ITERATIONS":6,"TSPERF_JOB_KIND":"tsc","TSPERF_JOB_LOCATION":"public","TSPERF_JOB_NAME":"tsc_vscode_1_82_1_self_compiler","TSPERF_JOB_SCENARIO":"self-compiler"},"tsserver_vscode_1_82_1_Compiler_UnionsTSServer":{"TSPERF_JOB_HOST":"vscode@1.82.1","TSPERF_JOB_ITERATIONS":6,"TSPERF_JOB_KIND":"tsserver","TSPERF_JOB_LOCATION":"internal","TSPERF_JOB_NAME":"tsserver_vscode_1_82_1_Compiler_UnionsTSServer","TSPERF_JOB_SCENARIO":"Compiler-UnionsTSServer"}}",
  "MATRIX_ts_perf2": "{"startup_vscode_1_82_1_tsserver_startup":{"TSPERF_JOB_HOST":"vscode@1.82.1","TSPERF_JOB_ITERATIONS":6,"TSPERF_JOB_KIND":"startup","TSPERF_JOB_LOCATION":"internal","TSPERF_JOB_NAME":"startup_vscode_1_82_1_tsserver_startup","TSPERF_JOB_SCENARIO":"tsserver-startup"},"tsc_vscode_1_82_1_Compiler_Unions":{"TSPERF_JOB_HOST":"vscode@1.82.1","TSPERF_JOB_ITERATIONS":6,"TSPERF_JOB_KIND":"tsc","TSPERF_JOB_LOCATION":"internal","TSPERF_JOB_NAME":"tsc_vscode_1_82_1_Compiler_Unions","TSPERF_JOB_SCENARIO":"Compiler-Unions"},"tsc_vscode_1_82_1_Monaco":{"TSPERF_JOB_HOST":"vscode@1.82.1","TSPERF_JOB_ITERATIONS":6,"TSPERF_JOB_KIND":"tsc","TSPERF_JOB_LOCATION":"internal","TSPERF_JOB_NAME":"tsc_vscode_1_82_1_Monaco","TSPERF_JOB_SCENARIO":"Monaco"},"tsc_vscode_1_82_1_mui_docs":{"TSPERF_JOB_HOST":"vscode@1.82.1","TSPERF_JOB_ITERATIONS":6,"TSPERF_JOB_KIND":"tsc","TSPERF_JOB_LOCATION":"public","TSPERF_JOB_NAME":"tsc_vscode_1_82_1_mui_docs","TSPERF_JOB_SCENARIO":"mui-docs"},"tsc_vscode_1_82_1_self_build_src":{"TSPERF_JOB_HOST":"vscode@1.82.1","TSPERF_JOB_ITERATIONS":6,"TSPERF_JOB_KIND":"tsc","TSPERF_JOB_LOCATION":"public","TSPERF_JOB_NAME":"tsc_vscode_1_82_1_self_build_src","TSPERF_JOB_SCENARIO":"self-build-src"},"tsserver_vscode_1_82_1_CompilerTSServer":{"TSPERF_JOB_HOST":"vscode@1.82.1","TSPERF_JOB_ITERATIONS":6,"TSPERF_JOB_KIND":"tsserver","TSPERF_JOB_LOCATION":"internal","TSPERF_JOB_NAME":"tsserver_vscode_1_82_1_CompilerTSServer","TSPERF_JOB_SCENARIO":"CompilerTSServer"}}",
  "MATRIX_ts_perf3": "{"startup_vscode_1_82_1_tsserverlibrary_startup":{"TSPERF_JOB_HOST":"vscode@1.82.1","TSPERF_JOB_ITERATIONS":6,"TSPERF_JOB_KIND":"startup","TSPERF_JOB_LOCATION":"internal","TSPERF_JOB_NAME":"startup_vscode_1_82_1_tsserverlibrary_startup","TSPERF_JOB_SCENARIO":"tsserverlibrary-startup"},"tsc_vscode_1_82_1_TFS":{"TSPERF_JOB_HOST":"vscode@1.82.1","TSPERF_JOB_ITERATIONS":6,"TSPERF_JOB_KIND":"tsc","TSPERF_JOB_LOCATION":"internal","TSPERF_JOB_NAME":"tsc_vscode_1_82_1_TFS","TSPERF_JOB_SCENARIO":"TFS"},"tsc_vscode_1_82_1_vscode":{"TSPERF_JOB_HOST":"vscode@1.82.1","TSPERF_JOB_ITERATIONS":6,"TSPERF_JOB_KIND":"tsc","TSPERF_JOB_LOCATION":"public","TSPERF_JOB_NAME":"tsc_vscode_1_82_1_vscode","TSPERF_JOB_SCENARIO":"vscode"},"tsc_vscode_1_82_1_webpack":{"TSPERF_JOB_HOST":"vscode@1.82.1","TSPERF_JOB_ITERATIONS":6,"TSPERF_JOB_KIND":"tsc","TSPERF_JOB_LOCATION":"public","TSPERF_JOB_NAME":"tsc_vscode_1_82_1_webpack","TSPERF_JOB_SCENARIO":"webpack"},"tsc_vscode_1_82_1_xstate":{"TSPERF_JOB_HOST":"vscode@1.82.1","TSPERF_JOB_ITERATIONS":6,"TSPERF_JOB_KIND":"tsc","TSPERF_JOB_LOCATION":"internal","TSPERF_JOB_NAME":"tsc_vscode_1_82_1_xstate","TSPERF_JOB_SCENARIO":"xstate"},"tsserver_vscode_1_82_1_xstateTSServer":{"TSPERF_JOB_HOST":"vscode@1.82.1","TSPERF_JOB_ITERATIONS":6,"TSPERF_JOB_KIND":"tsserver","TSPERF_JOB_LOCATION":"internal","TSPERF_JOB_NAME":"tsserver_vscode_1_82_1_xstateTSServer","TSPERF_JOB_SCENARIO":"xstateTSServer"}}",
  "MATRIX_ts_perf4": "{}",
  "TSPERF_PROCESS_KINDS": "tsc tsserver startup",
  "TSPERF_PROCESS_LOCATIONS": "internal,public",
}