{
  "parallel": "19m 20s",
  "perAgent": {
    "any": "1h 54m",
  },
  "total": "1h 54m",
}