{
  "parallel": "22m 44s",
  "perAgent": {
    "any": "2h 14m 28s",
  },
  "total": "2h 14m 28s",
}