{
  "parallel": "47m 42s",
  "perAgent": {
    "any": "3h 49m 24s",
  },
  "total": "3h 49m 24s",
}