{
  "any": {
    "startup_bun_1_0_35_tsc_startup": {
      "TSPERF_JOB_HOST": "bun@1.0.35",
      "TSPERF_JOB_ITERATIONS": 6,
      "TSPERF_JOB_KIND": "startup",
      "TSPERF_JOB_LOCATION": "public",
      "TSPERF_JOB_NAME": "startup_bun_1_0_35_tsc_startup",
      "TSPERF_JOB_SCENARIO": "tsc-startup",
      "TSPERF_JOB_WARMUPS": 1,
    },
    "startup_bun_1_0_35_tsserverlibrary_startup": {
      "TSPERF_JOB_HOST": "bun@1.0.35",
      "TSPERF_JOB_ITERATIONS": 6,
      "TSPERF_JOB_KIND": "startup",
      "TSPERF_JOB_LOCATION": "public",
      "TSPERF_JOB_NAME": "startup_bun_1_0_35_tsserverlibrary_startup",
      "TSPERF_JOB_SCENARIO": "tsserverlibrary-startup",
      "TSPERF_JOB_WARMUPS": 1,
    },
    "startup_bun_1_0_35_typescript_startup": {
      "TSPERF_JOB_HOST": "bun@1.0.35",
      "TSPERF_JOB_ITERATIONS": 6,
      "TSPERF_JOB_KIND": "startup",
      "TSPERF_JOB_LOCATION": "public",
      "TSPERF_JOB_NAME": "startup_bun_1_0_35_typescript_startup",
      "TSPERF_JOB_SCENARIO": "typescript-startup",
      "TSPERF_JOB_WARMUPS": 1,
    },
    "tsc_bun_1_0_35_Angular": {
      "TSPERF_JOB_HOST": "bun@1.0.35",
      "TSPERF_JOB_ITERATIONS": 12,
      "TSPERF_JOB_KIND": "tsc",
      "TSPERF_JOB_LOCATION": "internal",
      "TSPERF_JOB_NAME": "tsc_bun_1_0_35_Angular",
      "TSPERF_JOB_SCENARIO": "Angular",
      "TSPERF_JOB_WARMUPS": 1,
    },
    "tsc_bun_1_0_35_Compiler_Unions": {
      "TSPERF_JOB_HOST": "bun@1.0.35",
      "TSPERF_JOB_ITERATIONS": 12,
      "TSPERF_JOB_KIND": "tsc",
      "TSPERF_JOB_LOCATION": "public",
      "TSPERF_JOB_NAME": "tsc_bun_1_0_35_Compiler_Unions",
      "TSPERF_JOB_SCENARIO": "Compiler-Unions",
      "TSPERF_JOB_WARMUPS": 1,
    },
    "tsc_bun_1_0_35_Monaco": {
      "TSPERF_JOB_HOST": "bun@1.0.35",
      "TSPERF_JOB_ITERATIONS": 12,
      "TSPERF_JOB_KIND": "tsc",
      "TSPERF_JOB_LOCATION": "internal",
      "TSPERF_JOB_NAME": "tsc_bun_1_0_35_Monaco",
      "TSPERF_JOB_SCENARIO": "Monaco",
      "TSPERF_JOB_WARMUPS": 1,
    },
    "tsc_bun_1_0_35_TFS": {
      "TSPERF_JOB_HOST": "bun@1.0.35",
      "TSPERF_JOB_ITERATIONS": 12,
      "TSPERF_JOB_KIND": "tsc",
      "TSPERF_JOB_LOCATION": "internal",
      "TSPERF_JOB_NAME": "tsc_bun_1_0_35_TFS",
      "TSPERF_JOB_SCENARIO": "TFS",
      "TSPERF_JOB_WARMUPS": 1,
    },
    "tsc_bun_1_0_35_material_ui": {
      "TSPERF_JOB_HOST": "bun@1.0.35",
      "TSPERF_JOB_ITERATIONS": 12,
      "TSPERF_JOB_KIND": "tsc",
      "TSPERF_JOB_LOCATION": "internal",
      "TSPERF_JOB_NAME": "tsc_bun_1_0_35_material_ui",
      "TSPERF_JOB_SCENARIO": "material-ui",
      "TSPERF_JOB_WARMUPS": 1,
    },
    "tsc_bun_1_0_35_mui_docs": {
      "TSPERF_JOB_HOST": "bun@1.0.35",
      "TSPERF_JOB_ITERATIONS": 12,
      "TSPERF_JOB_KIND": "tsc",
      "TSPERF_JOB_LOCATION": "public",
      "TSPERF_JOB_NAME": "tsc_bun_1_0_35_mui_docs",
      "TSPERF_JOB_SCENARIO": "mui-docs",
      "TSPERF_JOB_WARMUPS": 1,
    },
    "tsc_bun_1_0_35_self_build_src": {
      "TSPERF_JOB_HOST": "bun@1.0.35",
      "TSPERF_JOB_ITERATIONS": 12,
      "TSPERF_JOB_KIND": "tsc",
      "TSPERF_JOB_LOCATION": "public",
      "TSPERF_JOB_NAME": "tsc_bun_1_0_35_self_build_src",
      "TSPERF_JOB_SCENARIO": "self-build-src",
      "TSPERF_JOB_WARMUPS": 1,
    },
    "tsc_bun_1_0_35_self_build_src_public_api": {
      "TSPERF_JOB_HOST": "bun@1.0.35",
      "TSPERF_JOB_ITERATIONS": 12,
      "TSPERF_JOB_KIND": "tsc",
      "TSPERF_JOB_LOCATION": "public",
      "TSPERF_JOB_NAME": "tsc_bun_1_0_35_self_build_src_public_api",
      "TSPERF_JOB_SCENARIO": "self-build-src-public-api",
      "TSPERF_JOB_WARMUPS": 1,
    },
    "tsc_bun_1_0_35_self_compiler": {
      "TSPERF_JOB_HOST": "bun@1.0.35",
      "TSPERF_JOB_ITERATIONS": 12,
      "TSPERF_JOB_KIND": "tsc",
      "TSPERF_JOB_LOCATION": "public",
      "TSPERF_JOB_NAME": "tsc_bun_1_0_35_self_compiler",
      "TSPERF_JOB_SCENARIO": "self-compiler",
      "TSPERF_JOB_WARMUPS": 1,
    },
    "tsc_bun_1_0_35_vscode": {
      "TSPERF_JOB_HOST": "bun@1.0.35",
      "TSPERF_JOB_ITERATIONS": 12,
      "TSPERF_JOB_KIND": "tsc",
      "TSPERF_JOB_LOCATION": "public",
      "TSPERF_JOB_NAME": "tsc_bun_1_0_35_vscode",
      "TSPERF_JOB_SCENARIO": "vscode",
      "TSPERF_JOB_WARMUPS": 1,
    },
    "tsc_bun_1_0_35_webpack": {
      "TSPERF_JOB_HOST": "bun@1.0.35",
      "TSPERF_JOB_ITERATIONS": 12,
      "TSPERF_JOB_KIND": "tsc",
      "TSPERF_JOB_LOCATION": "public",
      "TSPERF_JOB_NAME": "tsc_bun_1_0_35_webpack",
      "TSPERF_JOB_SCENARIO": "webpack",
      "TSPERF_JOB_WARMUPS": 1,
    },
    "tsc_bun_1_0_35_xstate": {
      "TSPERF_JOB_HOST": "bun@1.0.35",
      "TSPERF_JOB_ITERATIONS": 12,
      "TSPERF_JOB_KIND": "tsc",
      "TSPERF_JOB_LOCATION": "internal",
      "TSPERF_JOB_NAME": "tsc_bun_1_0_35_xstate",
      "TSPERF_JOB_SCENARIO": "xstate",
      "TSPERF_JOB_WARMUPS": 1,
    },
  },
  "ts-perf1": {},
  "ts-perf10": {},
  "ts-perf11": {},
  "ts-perf12": {},
  "ts-perf2": {},
  "ts-perf3": {},
  "ts-perf4": {},
  "ts-perf5": {},
  "ts-perf6": {},
  "ts-perf7": {},
  "ts-perf8": {},
  "ts-perf9": {},
}