{
  "any": {},
  "ts-perf1": {
    "startup_bun_1_0_15_tsc_startup": {
      "TSPERF_JOB_HOST": "bun@1.0.15",
      "TSPERF_JOB_ITERATIONS": 6,
      "TSPERF_JOB_KIND": "startup",
      "TSPERF_JOB_LOCATION": "internal",
      "TSPERF_JOB_NAME": "startup_bun_1_0_15_tsc_startup",
      "TSPERF_JOB_SCENARIO": "tsc-startup",
    },
    "startup_bun_1_0_15_typescript_startup": {
      "TSPERF_JOB_HOST": "bun@1.0.15",
      "TSPERF_JOB_ITERATIONS": 6,
      "TSPERF_JOB_KIND": "startup",
      "TSPERF_JOB_LOCATION": "internal",
      "TSPERF_JOB_NAME": "startup_bun_1_0_15_typescript_startup",
      "TSPERF_JOB_SCENARIO": "typescript-startup",
    },
    "tsc_bun_1_0_15_Angular": {
      "TSPERF_JOB_HOST": "bun@1.0.15",
      "TSPERF_JOB_ITERATIONS": 12,
      "TSPERF_JOB_KIND": "tsc",
      "TSPERF_JOB_LOCATION": "internal",
      "TSPERF_JOB_NAME": "tsc_bun_1_0_15_Angular",
      "TSPERF_JOB_SCENARIO": "Angular",
    },
    "tsc_bun_1_0_15_material_ui": {
      "TSPERF_JOB_HOST": "bun@1.0.15",
      "TSPERF_JOB_ITERATIONS": 12,
      "TSPERF_JOB_KIND": "tsc",
      "TSPERF_JOB_LOCATION": "internal",
      "TSPERF_JOB_NAME": "tsc_bun_1_0_15_material_ui",
      "TSPERF_JOB_SCENARIO": "material-ui",
    },
    "tsc_bun_1_0_15_self_compiler": {
      "TSPERF_JOB_HOST": "bun@1.0.15",
      "TSPERF_JOB_ITERATIONS": 12,
      "TSPERF_JOB_KIND": "tsc",
      "TSPERF_JOB_LOCATION": "public",
      "TSPERF_JOB_NAME": "tsc_bun_1_0_15_self_compiler",
      "TSPERF_JOB_SCENARIO": "self-compiler",
    },
  },
  "ts-perf2": {
    "tsc_bun_1_0_15_Compiler_Unions": {
      "TSPERF_JOB_HOST": "bun@1.0.15",
      "TSPERF_JOB_ITERATIONS": 12,
      "TSPERF_JOB_KIND": "tsc",
      "TSPERF_JOB_LOCATION": "internal",
      "TSPERF_JOB_NAME": "tsc_bun_1_0_15_Compiler_Unions",
      "TSPERF_JOB_SCENARIO": "Compiler-Unions",
    },
    "tsc_bun_1_0_15_Monaco": {
      "TSPERF_JOB_HOST": "bun@1.0.15",
      "TSPERF_JOB_ITERATIONS": 12,
      "TSPERF_JOB_KIND": "tsc",
      "TSPERF_JOB_LOCATION": "internal",
      "TSPERF_JOB_NAME": "tsc_bun_1_0_15_Monaco",
      "TSPERF_JOB_SCENARIO": "Monaco",
    },
    "tsc_bun_1_0_15_mui_docs": {
      "TSPERF_JOB_HOST": "bun@1.0.15",
      "TSPERF_JOB_ITERATIONS": 12,
      "TSPERF_JOB_KIND": "tsc",
      "TSPERF_JOB_LOCATION": "public",
      "TSPERF_JOB_NAME": "tsc_bun_1_0_15_mui_docs",
      "TSPERF_JOB_SCENARIO": "mui-docs",
    },
    "tsc_bun_1_0_15_self_build_src": {
      "TSPERF_JOB_HOST": "bun@1.0.15",
      "TSPERF_JOB_ITERATIONS": 12,
      "TSPERF_JOB_KIND": "tsc",
      "TSPERF_JOB_LOCATION": "public",
      "TSPERF_JOB_NAME": "tsc_bun_1_0_15_self_build_src",
      "TSPERF_JOB_SCENARIO": "self-build-src",
    },
  },
  "ts-perf3": {
    "startup_bun_1_0_15_tsserverlibrary_startup": {
      "TSPERF_JOB_HOST": "bun@1.0.15",
      "TSPERF_JOB_ITERATIONS": 6,
      "TSPERF_JOB_KIND": "startup",
      "TSPERF_JOB_LOCATION": "internal",
      "TSPERF_JOB_NAME": "startup_bun_1_0_15_tsserverlibrary_startup",
      "TSPERF_JOB_SCENARIO": "tsserverlibrary-startup",
    },
    "tsc_bun_1_0_15_TFS": {
      "TSPERF_JOB_HOST": "bun@1.0.15",
      "TSPERF_JOB_ITERATIONS": 12,
      "TSPERF_JOB_KIND": "tsc",
      "TSPERF_JOB_LOCATION": "internal",
      "TSPERF_JOB_NAME": "tsc_bun_1_0_15_TFS",
      "TSPERF_JOB_SCENARIO": "TFS",
    },
    "tsc_bun_1_0_15_vscode": {
      "TSPERF_JOB_HOST": "bun@1.0.15",
      "TSPERF_JOB_ITERATIONS": 12,
      "TSPERF_JOB_KIND": "tsc",
      "TSPERF_JOB_LOCATION": "public",
      "TSPERF_JOB_NAME": "tsc_bun_1_0_15_vscode",
      "TSPERF_JOB_SCENARIO": "vscode",
    },
    "tsc_bun_1_0_15_webpack": {
      "TSPERF_JOB_HOST": "bun@1.0.15",
      "TSPERF_JOB_ITERATIONS": 12,
      "TSPERF_JOB_KIND": "tsc",
      "TSPERF_JOB_LOCATION": "public",
      "TSPERF_JOB_NAME": "tsc_bun_1_0_15_webpack",
      "TSPERF_JOB_SCENARIO": "webpack",
    },
    "tsc_bun_1_0_15_xstate": {
      "TSPERF_JOB_HOST": "bun@1.0.15",
      "TSPERF_JOB_ITERATIONS": 12,
      "TSPERF_JOB_KIND": "tsc",
      "TSPERF_JOB_LOCATION": "internal",
      "TSPERF_JOB_NAME": "tsc_bun_1_0_15_xstate",
      "TSPERF_JOB_SCENARIO": "xstate",
    },
  },
  "ts-perf4": {},
}