{
  "parallel": "22m 44s",
  "perAgent": {
    "any": "2h 36m 40s",
  },
  "total": "2h 36m 40s",
}