{
  "MATRIX_any": "{"startup_vscode_1_82_1_tsc_startup":{"TSPERF_JOB_HOST":"vscode@1.82.1","TSPERF_JOB_ITERATIONS":6,"TSPERF_JOB_KIND":"startup","TSPERF_JOB_LOCATION":"public","TSPERF_JOB_NAME":"startup_vscode_1_82_1_tsc_startup","TSPERF_JOB_SCENARIO":"tsc-startup"},"startup_vscode_1_82_1_tsserver_startup":{"TSPERF_JOB_HOST":"vscode@1.82.1","TSPERF_JOB_ITERATIONS":6,"TSPERF_JOB_KIND":"startup","TSPERF_JOB_LOCATION":"public","TSPERF_JOB_NAME":"startup_vscode_1_82_1_tsserver_startup","TSPERF_JOB_SCENARIO":"tsserver-startup"},"startup_vscode_1_82_1_tsserverlibrary_startup":{"TSPERF_JOB_HOST":"vscode@1.82.1","TSPERF_JOB_ITERATIONS":6,"TSPERF_JOB_KIND":"startup","TSPERF_JOB_LOCATION":"public","TSPERF_JOB_NAME":"startup_vscode_1_82_1_tsserverlibrary_startup","TSPERF_JOB_SCENARIO":"tsserverlibrary-startup"},"startup_vscode_1_82_1_typescript_startup":{"TSPERF_JOB_HOST":"vscode@1.82.1","TSPERF_JOB_ITERATIONS":6,"TSPERF_JOB_KIND":"startup","TSPERF_JOB_LOCATION":"public","TSPERF_JOB_NAME":"startup_vscode_1_82_1_typescript_startup","TSPERF_JOB_SCENARIO":"typescript-startup"},"tsc_vscode_1_82_1_Angular":{"TSPERF_JOB_HOST":"vscode@1.82.1","TSPERF_JOB_ITERATIONS":6,"TSPERF_JOB_KIND":"tsc","TSPERF_JOB_LOCATION":"internal","TSPERF_JOB_NAME":"tsc_vscode_1_82_1_Angular","TSPERF_JOB_SCENARIO":"Angular"},"tsc_vscode_1_82_1_Compiler_Unions":{"TSPERF_JOB_HOST":"vscode@1.82.1","TSPERF_JOB_ITERATIONS":6,"TSPERF_JOB_KIND":"tsc","TSPERF_JOB_LOCATION":"public","TSPERF_JOB_NAME":"tsc_vscode_1_82_1_Compiler_Unions","TSPERF_JOB_SCENARIO":"Compiler-Unions"},"tsc_vscode_1_82_1_Monaco":{"TSPERF_JOB_HOST":"vscode@1.82.1","TSPERF_JOB_ITERATIONS":6,"TSPERF_JOB_KIND":"tsc","TSPERF_JOB_LOCATION":"internal","TSPERF_JOB_NAME":"tsc_vscode_1_82_1_Monaco","TSPERF_JOB_SCENARIO":"Monaco"},"tsc_vscode_1_82_1_TFS":{"TSPERF_JOB_HOST":"vscode@1.82.1","TSPERF_JOB_ITERATIONS":6,"TSPERF_JOB_KIND":"tsc","TSPERF_JOB_LOCATION":"internal","TSPERF_JOB_NAME":"tsc_vscode_1_82_1_TFS","TSPERF_JOB_SCENARIO":"TFS"},"tsc_vscode_1_82_1_material_ui":{"TSPERF_JOB_HOST":"vscode@1.82.1","TSPERF_JOB_ITERATIONS":6,"TSPERF_JOB_KIND":"tsc","TSPERF_JOB_LOCATION":"internal","TSPERF_JOB_NAME":"tsc_vscode_1_82_1_material_ui","TSPERF_JOB_SCENARIO":"material-ui"},"tsc_vscode_1_82_1_mui_docs":{"TSPERF_JOB_HOST":"vscode@1.82.1","TSPERF_JOB_ITERATIONS":6,"TSPERF_JOB_KIND":"tsc","TSPERF_JOB_LOCATION":"public","TSPERF_JOB_NAME":"tsc_vscode_1_82_1_mui_docs","TSPERF_JOB_SCENARIO":"mui-docs"},"tsc_vscode_1_82_1_self_build_src":{"TSPERF_JOB_HOST":"vscode@1.82.1","TSPERF_JOB_ITERATIONS":6,"TSPERF_JOB_KIND":"tsc","TSPERF_JOB_LOCATION":"public","TSPERF_JOB_NAME":"tsc_vscode_1_82_1_self_build_src","TSPERF_JOB_SCENARIO":"self-build-src"},"tsc_vscode_1_82_1_self_build_src_public_api":{"TSPERF_JOB_HOST":"vscode@1.82.1","TSPERF_JOB_ITERATIONS":6,"TSPERF_JOB_KIND":"tsc","TSPERF_JOB_LOCATION":"public","TSPERF_JOB_NAME":"tsc_vscode_1_82_1_self_build_src_public_api","TSPERF_JOB_SCENARIO":"self-build-src-public-api"},"tsc_vscode_1_82_1_self_compiler":{"TSPERF_JOB_HOST":"vscode@1.82.1","TSPERF_JOB_ITERATIONS":6,"TSPERF_JOB_KIND":"tsc","TSPERF_JOB_LOCATION":"public","TSPERF_JOB_NAME":"tsc_vscode_1_82_1_self_compiler","TSPERF_JOB_SCENARIO":"self-compiler"},"tsc_vscode_1_82_1_vscode":{"TSPERF_JOB_HOST":"vscode@1.82.1","TSPERF_JOB_ITERATIONS":6,"TSPERF_JOB_KIND":"tsc","TSPERF_JOB_LOCATION":"public","TSPERF_JOB_NAME":"tsc_vscode_1_82_1_vscode","TSPERF_JOB_SCENARIO":"vscode"},"tsc_vscode_1_82_1_webpack":{"TSPERF_JOB_HOST":"vscode@1.82.1","TSPERF_JOB_ITERATIONS":6,"TSPERF_JOB_KIND":"tsc","TSPERF_JOB_LOCATION":"public","TSPERF_JOB_NAME":"tsc_vscode_1_82_1_webpack","TSPERF_JOB_SCENARIO":"webpack"},"tsc_vscode_1_82_1_xstate":{"TSPERF_JOB_HOST":"vscode@1.82.1","TSPERF_JOB_ITERATIONS":6,"TSPERF_JOB_KIND":"tsc","TSPERF_JOB_LOCATION":"internal","TSPERF_JOB_NAME":"tsc_vscode_1_82_1_xstate","TSPERF_JOB_SCENARIO":"xstate"},"tsserver_vscode_1_82_1_CompilerTSServer":{"TSPERF_JOB_HOST":"vscode@1.82.1","TSPERF_JOB_ITERATIONS":6,"TSPERF_JOB_KIND":"tsserver","TSPERF_JOB_LOCATION":"public","TSPERF_JOB_NAME":"tsserver_vscode_1_82_1_CompilerTSServer","TSPERF_JOB_SCENARIO":"CompilerTSServer"},"tsserver_vscode_1_82_1_Compiler_UnionsTSServer":{"TSPERF_JOB_HOST":"vscode@1.82.1","TSPERF_JOB_ITERATIONS":6,"TSPERF_JOB_KIND":"tsserver","TSPERF_JOB_LOCATION":"public","TSPERF_JOB_NAME":"tsserver_vscode_1_82_1_Compiler_UnionsTSServer","TSPERF_JOB_SCENARIO":"Compiler-UnionsTSServer"},"tsserver_vscode_1_82_1_xstateTSServer":{"TSPERF_JOB_HOST":"vscode@1.82.1","TSPERF_JOB_ITERATIONS":6,"TSPERF_JOB_KIND":"tsserver","TSPERF_JOB_LOCATION":"internal","TSPERF_JOB_NAME":"tsserver_vscode_1_82_1_xstateTSServer","TSPERF_JOB_SCENARIO":"xstateTSServer"}}",
  "MATRIX_ts_perf1": "{}",
  "MATRIX_ts_perf10": "{}",
  "MATRIX_ts_perf11": "{}",
  "MATRIX_ts_perf12": "{}",
  "MATRIX_ts_perf2": "{}",
  "MATRIX_ts_perf3": "{}",
  "MATRIX_ts_perf4": "{}",
  "MATRIX_ts_perf5": "{}",
  "MATRIX_ts_perf6": "{}",
  "MATRIX_ts_perf7": "{}",
  "MATRIX_ts_perf8": "{}",
  "MATRIX_ts_perf9": "{}",
  "TSPERF_BASELINE_COMMIT": "HEAD^1",
  "TSPERF_BASELINE_NAME": "baseline",
  "TSPERF_IS_COMPARISON": "true",
  "TSPERF_IS_CUSTOM_COMMIT_RANGE": "false",
  "TSPERF_NEW_COMMIT": "HEAD",
  "TSPERF_NEW_NAME": "pr",
  "TSPERF_PREDICTABLE": "false",
  "TSPERF_PROCESS_KINDS": "tsc tsserver startup",
  "TSPERF_PROCESS_LOCATIONS": "internal,public",
}