{
  "hosts": undefined,
  "predictable": undefined,
  "preset": "vscode",
}