{
  "parallel": "22m 44s",
  "perAgent": {
    "any": "2h 14m 4s",
  },
  "total": "2h 14m 4s",
}