{
  "MATRIX_any": "{}",
  "MATRIX_ts_perf1": "{"startup_node_18_15_0_tsc_startup":{"TSPERF_JOB_HOST":"node@18.15.0","TSPERF_JOB_ITERATIONS":6,"TSPERF_JOB_KIND":"startup","TSPERF_JOB_LOCATION":"internal","TSPERF_JOB_NAME":"startup_node_18_15_0_tsc_startup","TSPERF_JOB_SCENARIO":"tsc-startup"},"startup_node_18_15_0_typescript_startup":{"TSPERF_JOB_HOST":"node@18.15.0","TSPERF_JOB_ITERATIONS":6,"TSPERF_JOB_KIND":"startup","TSPERF_JOB_LOCATION":"internal","TSPERF_JOB_NAME":"startup_node_18_15_0_typescript_startup","TSPERF_JOB_SCENARIO":"typescript-startup"},"tsc_node_18_15_0_Angular":{"TSPERF_JOB_HOST":"node@18.15.0","TSPERF_JOB_ITERATIONS":6,"TSPERF_JOB_KIND":"tsc","TSPERF_JOB_LOCATION":"internal","TSPERF_JOB_NAME":"tsc_node_18_15_0_Angular","TSPERF_JOB_SCENARIO":"Angular"},"tsc_node_18_15_0_material_ui":{"TSPERF_JOB_HOST":"node@18.15.0","TSPERF_JOB_ITERATIONS":6,"TSPERF_JOB_KIND":"tsc","TSPERF_JOB_LOCATION":"internal","TSPERF_JOB_NAME":"tsc_node_18_15_0_material_ui","TSPERF_JOB_SCENARIO":"material-ui"},"tsserver_node_18_15_0_Compiler_UnionsTSServer":{"TSPERF_JOB_HOST":"node@18.15.0","TSPERF_JOB_ITERATIONS":6,"TSPERF_JOB_KIND":"tsserver","TSPERF_JOB_LOCATION":"internal","TSPERF_JOB_NAME":"tsserver_node_18_15_0_Compiler_UnionsTSServer","TSPERF_JOB_SCENARIO":"Compiler-UnionsTSServer"}}",
  "MATRIX_ts_perf2": "{"startup_node_18_15_0_tsserver_startup":{"TSPERF_JOB_HOST":"node@18.15.0","TSPERF_JOB_ITERATIONS":6,"TSPERF_JOB_KIND":"startup","TSPERF_JOB_LOCATION":"internal","TSPERF_JOB_NAME":"startup_node_18_15_0_tsserver_startup","TSPERF_JOB_SCENARIO":"tsserver-startup"},"tsc_node_18_15_0_Compiler_Unions":{"TSPERF_JOB_HOST":"node@18.15.0","TSPERF_JOB_ITERATIONS":6,"TSPERF_JOB_KIND":"tsc","TSPERF_JOB_LOCATION":"internal","TSPERF_JOB_NAME":"tsc_node_18_15_0_Compiler_Unions","TSPERF_JOB_SCENARIO":"Compiler-Unions"},"tsc_node_18_15_0_Monaco":{"TSPERF_JOB_HOST":"node@18.15.0","TSPERF_JOB_ITERATIONS":6,"TSPERF_JOB_KIND":"tsc","TSPERF_JOB_LOCATION":"internal","TSPERF_JOB_NAME":"tsc_node_18_15_0_Monaco","TSPERF_JOB_SCENARIO":"Monaco"},"tsserver_node_18_15_0_CompilerTSServer":{"TSPERF_JOB_HOST":"node@18.15.0","TSPERF_JOB_ITERATIONS":6,"TSPERF_JOB_KIND":"tsserver","TSPERF_JOB_LOCATION":"internal","TSPERF_JOB_NAME":"tsserver_node_18_15_0_CompilerTSServer","TSPERF_JOB_SCENARIO":"CompilerTSServer"}}",
  "MATRIX_ts_perf3": "{"startup_node_18_15_0_tsserverlibrary_startup":{"TSPERF_JOB_HOST":"node@18.15.0","TSPERF_JOB_ITERATIONS":6,"TSPERF_JOB_KIND":"startup","TSPERF_JOB_LOCATION":"internal","TSPERF_JOB_NAME":"startup_node_18_15_0_tsserverlibrary_startup","TSPERF_JOB_SCENARIO":"tsserverlibrary-startup"},"tsc_node_18_15_0_TFS":{"TSPERF_JOB_HOST":"node@18.15.0","TSPERF_JOB_ITERATIONS":6,"TSPERF_JOB_KIND":"tsc","TSPERF_JOB_LOCATION":"internal","TSPERF_JOB_NAME":"tsc_node_18_15_0_TFS","TSPERF_JOB_SCENARIO":"TFS"},"tsc_node_18_15_0_xstate":{"TSPERF_JOB_HOST":"node@18.15.0","TSPERF_JOB_ITERATIONS":6,"TSPERF_JOB_KIND":"tsc","TSPERF_JOB_LOCATION":"internal","TSPERF_JOB_NAME":"tsc_node_18_15_0_xstate","TSPERF_JOB_SCENARIO":"xstate"},"tsserver_node_18_15_0_xstateTSServer":{"TSPERF_JOB_HOST":"node@18.15.0","TSPERF_JOB_ITERATIONS":6,"TSPERF_JOB_KIND":"tsserver","TSPERF_JOB_LOCATION":"internal","TSPERF_JOB_NAME":"tsserver_node_18_15_0_xstateTSServer","TSPERF_JOB_SCENARIO":"xstateTSServer"}}",
  "MATRIX_ts_perf4": "{}",
  "TSPERF_PROCESS_KINDS": "tsc tsserver startup",
  "TSPERF_PROCESS_LOCATIONS": "internal",
}