{
  "parallel": "12m 44s",
  "perAgent": {
    "ts-perf1": "12m 44s",
    "ts-perf2": "9m 22s",
    "ts-perf3": "8m 22s",
  },
  "total": "30m 28s",
}