{
  "parallel": "9m 30s",
  "perAgent": {
    "any": "1h 54m",
  },
  "total": "1h 54m",
}