{
  "MATRIX_any": "{"tsc_node_18_15_0_Angular":{"TSPERF_JOB_HOST":"node@18.15.0","TSPERF_JOB_ITERATIONS":6,"TSPERF_JOB_KIND":"tsc","TSPERF_JOB_LOCATION":"internal","TSPERF_JOB_NAME":"tsc_node_18_15_0_Angular","TSPERF_JOB_SCENARIO":"Angular","TSPERF_JOB_WARMUPS":1},"tsc_node_18_15_0_Compiler_Unions":{"TSPERF_JOB_HOST":"node@18.15.0","TSPERF_JOB_ITERATIONS":6,"TSPERF_JOB_KIND":"tsc","TSPERF_JOB_LOCATION":"public","TSPERF_JOB_NAME":"tsc_node_18_15_0_Compiler_Unions","TSPERF_JOB_SCENARIO":"Compiler-Unions","TSPERF_JOB_WARMUPS":1},"tsc_node_18_15_0_TFS":{"TSPERF_JOB_HOST":"node@18.15.0","TSPERF_JOB_ITERATIONS":6,"TSPERF_JOB_KIND":"tsc","TSPERF_JOB_LOCATION":"internal","TSPERF_JOB_NAME":"tsc_node_18_15_0_TFS","TSPERF_JOB_SCENARIO":"TFS","TSPERF_JOB_WARMUPS":1},"tsc_node_18_15_0_mui_docs":{"TSPERF_JOB_HOST":"node@18.15.0","TSPERF_JOB_ITERATIONS":6,"TSPERF_JOB_KIND":"tsc","TSPERF_JOB_LOCATION":"public","TSPERF_JOB_NAME":"tsc_node_18_15_0_mui_docs","TSPERF_JOB_SCENARIO":"mui-docs","TSPERF_JOB_WARMUPS":1},"tsc_node_18_15_0_self_build_src":{"TSPERF_JOB_HOST":"node@18.15.0","TSPERF_JOB_ITERATIONS":6,"TSPERF_JOB_KIND":"tsc","TSPERF_JOB_LOCATION":"public","TSPERF_JOB_NAME":"tsc_node_18_15_0_self_build_src","TSPERF_JOB_SCENARIO":"self-build-src","TSPERF_JOB_WARMUPS":1},"tsc_node_18_15_0_self_build_src_public_api":{"TSPERF_JOB_HOST":"node@18.15.0","TSPERF_JOB_ITERATIONS":6,"TSPERF_JOB_KIND":"tsc","TSPERF_JOB_LOCATION":"public","TSPERF_JOB_NAME":"tsc_node_18_15_0_self_build_src_public_api","TSPERF_JOB_SCENARIO":"self-build-src-public-api","TSPERF_JOB_WARMUPS":1},"tsc_node_18_15_0_self_compiler":{"TSPERF_JOB_HOST":"node@18.15.0","TSPERF_JOB_ITERATIONS":6,"TSPERF_JOB_KIND":"tsc","TSPERF_JOB_LOCATION":"public","TSPERF_JOB_NAME":"tsc_node_18_15_0_self_compiler","TSPERF_JOB_SCENARIO":"self-compiler","TSPERF_JOB_WARMUPS":1},"tsc_node_18_15_0_vscode":{"TSPERF_JOB_HOST":"node@18.15.0","TSPERF_JOB_ITERATIONS":6,"TSPERF_JOB_KIND":"tsc","TSPERF_JOB_LOCATION":"public","TSPERF_JOB_NAME":"tsc_node_18_15_0_vscode","TSPERF_JOB_SCENARIO":"vscode","TSPERF_JOB_WARMUPS":1},"tsc_node_18_15_0_webpack":{"TSPERF_JOB_HOST":"node@18.15.0","TSPERF_JOB_ITERATIONS":6,"TSPERF_JOB_KIND":"tsc","TSPERF_JOB_LOCATION":"public","TSPERF_JOB_NAME":"tsc_node_18_15_0_webpack","TSPERF_JOB_SCENARIO":"webpack","TSPERF_JOB_WARMUPS":1},"tsc_node_18_15_0_xstate":{"TSPERF_JOB_HOST":"node@18.15.0","TSPERF_JOB_ITERATIONS":6,"TSPERF_JOB_KIND":"tsc","TSPERF_JOB_LOCATION":"internal","TSPERF_JOB_NAME":"tsc_node_18_15_0_xstate","TSPERF_JOB_SCENARIO":"xstate","TSPERF_JOB_WARMUPS":1}}",
  "MATRIX_ts_perf1": "{}",
  "MATRIX_ts_perf10": "{}",
  "MATRIX_ts_perf11": "{}",
  "MATRIX_ts_perf12": "{}",
  "MATRIX_ts_perf2": "{}",
  "MATRIX_ts_perf3": "{}",
  "MATRIX_ts_perf4": "{}",
  "MATRIX_ts_perf5": "{}",
  "MATRIX_ts_perf6": "{}",
  "MATRIX_ts_perf7": "{}",
  "MATRIX_ts_perf8": "{}",
  "MATRIX_ts_perf9": "{}",
  "TSPERF_BASELINE_COMMIT": "27047e3391323fa2d8987f46a4c42f5361d07926",
  "TSPERF_BASELINE_NAME": "release-5.3",
  "TSPERF_IS_COMPARISON": "true",
  "TSPERF_IS_CUSTOM_COMMIT_RANGE": "true",
  "TSPERF_NEW_COMMIT": "6ea273cdcca99db809074d2b2d38d0e5b59ee81b",
  "TSPERF_NEW_NAME": "release-5.4",
  "TSPERF_PREDICTABLE": "false",
  "TSPERF_PROCESS_KINDS": "tsc",
  "TSPERF_PROCESS_LOCATIONS": "internal,public",
}