{
  "parallel": "26m 18s",
  "perAgent": {
    "any": "4h 40m 32s",
  },
  "total": "4h 40m 32s",
}