{
  "hosts": undefined,
  "predictable": undefined,
  "preset": "full",
}