{
  "parallel": "19m 43s",
  "perAgent": {
    "any": "1h 18m 52s",
  },
  "total": "1h 18m 52s",
}