{
  "MATRIX_any": "{"tsc_node_18_15_0_Angular":{"TSPERF_JOB_HOST":"node@18.15.0","TSPERF_JOB_ITERATIONS":6,"TSPERF_JOB_KIND":"tsc","TSPERF_JOB_LOCATION":"internal","TSPERF_JOB_NAME":"tsc_node_18_15_0_Angular","TSPERF_JOB_SCENARIO":"Angular"},"tsc_node_18_15_0_Compiler_Unions":{"TSPERF_JOB_HOST":"node@18.15.0","TSPERF_JOB_ITERATIONS":6,"TSPERF_JOB_KIND":"tsc","TSPERF_JOB_LOCATION":"public","TSPERF_JOB_NAME":"tsc_node_18_15_0_Compiler_Unions","TSPERF_JOB_SCENARIO":"Compiler-Unions"},"tsc_node_18_15_0_Monaco":{"TSPERF_JOB_HOST":"node@18.15.0","TSPERF_JOB_ITERATIONS":6,"TSPERF_JOB_KIND":"tsc","TSPERF_JOB_LOCATION":"internal","TSPERF_JOB_NAME":"tsc_node_18_15_0_Monaco","TSPERF_JOB_SCENARIO":"Monaco"},"tsc_node_18_15_0_TFS":{"TSPERF_JOB_HOST":"node@18.15.0","TSPERF_JOB_ITERATIONS":6,"TSPERF_JOB_KIND":"tsc","TSPERF_JOB_LOCATION":"internal","TSPERF_JOB_NAME":"tsc_node_18_15_0_TFS","TSPERF_JOB_SCENARIO":"TFS"},"tsc_node_18_15_0_material_ui":{"TSPERF_JOB_HOST":"node@18.15.0","TSPERF_JOB_ITERATIONS":6,"TSPERF_JOB_KIND":"tsc","TSPERF_JOB_LOCATION":"internal","TSPERF_JOB_NAME":"tsc_node_18_15_0_material_ui","TSPERF_JOB_SCENARIO":"material-ui"},"tsc_node_18_15_0_mui_docs":{"TSPERF_JOB_HOST":"node@18.15.0","TSPERF_JOB_ITERATIONS":6,"TSPERF_JOB_KIND":"tsc","TSPERF_JOB_LOCATION":"public","TSPERF_JOB_NAME":"tsc_node_18_15_0_mui_docs","TSPERF_JOB_SCENARIO":"mui-docs"},"tsc_node_18_15_0_self_build_src":{"TSPERF_JOB_HOST":"node@18.15.0","TSPERF_JOB_ITERATIONS":6,"TSPERF_JOB_KIND":"tsc","TSPERF_JOB_LOCATION":"public","TSPERF_JOB_NAME":"tsc_node_18_15_0_self_build_src","TSPERF_JOB_SCENARIO":"self-build-src"},"tsc_node_18_15_0_self_compiler":{"TSPERF_JOB_HOST":"node@18.15.0","TSPERF_JOB_ITERATIONS":6,"TSPERF_JOB_KIND":"tsc","TSPERF_JOB_LOCATION":"public","TSPERF_JOB_NAME":"tsc_node_18_15_0_self_compiler","TSPERF_JOB_SCENARIO":"self-compiler"},"tsc_node_18_15_0_vscode":{"TSPERF_JOB_HOST":"node@18.15.0","TSPERF_JOB_ITERATIONS":6,"TSPERF_JOB_KIND":"tsc","TSPERF_JOB_LOCATION":"public","TSPERF_JOB_NAME":"tsc_node_18_15_0_vscode","TSPERF_JOB_SCENARIO":"vscode"},"tsc_node_18_15_0_webpack":{"TSPERF_JOB_HOST":"node@18.15.0","TSPERF_JOB_ITERATIONS":6,"TSPERF_JOB_KIND":"tsc","TSPERF_JOB_LOCATION":"public","TSPERF_JOB_NAME":"tsc_node_18_15_0_webpack","TSPERF_JOB_SCENARIO":"webpack"},"tsc_node_18_15_0_xstate":{"TSPERF_JOB_HOST":"node@18.15.0","TSPERF_JOB_ITERATIONS":6,"TSPERF_JOB_KIND":"tsc","TSPERF_JOB_LOCATION":"internal","TSPERF_JOB_NAME":"tsc_node_18_15_0_xstate","TSPERF_JOB_SCENARIO":"xstate"}}",
  "MATRIX_ts_perf1": "{}",
  "MATRIX_ts_perf10": "{}",
  "MATRIX_ts_perf11": "{}",
  "MATRIX_ts_perf12": "{}",
  "MATRIX_ts_perf2": "{}",
  "MATRIX_ts_perf3": "{}",
  "MATRIX_ts_perf4": "{}",
  "MATRIX_ts_perf5": "{}",
  "MATRIX_ts_perf6": "{}",
  "MATRIX_ts_perf7": "{}",
  "MATRIX_ts_perf8": "{}",
  "MATRIX_ts_perf9": "{}",
  "TSPERF_PROCESS_KINDS": "tsc",
  "TSPERF_PROCESS_LOCATIONS": "internal,public",
}