{
  "parallel": "7m 52s",
  "perAgent": {
    "any": "29m 22s",
  },
  "total": "29m 22s",
}