{
  "MATRIX_any": "{"startup_node_22_8_0_tsc_startup":{"TSPERF_JOB_HOST":"node@22.8.0","TSPERF_JOB_ITERATIONS":6,"TSPERF_JOB_KIND":"startup","TSPERF_JOB_NAME":"startup_node_22_8_0_tsc_startup","TSPERF_JOB_SCENARIO":"tsc-startup","TSPERF_JOB_WARMUPS":1},"startup_node_22_8_0_tsserver_startup":{"TSPERF_JOB_HOST":"node@22.8.0","TSPERF_JOB_ITERATIONS":6,"TSPERF_JOB_KIND":"startup","TSPERF_JOB_NAME":"startup_node_22_8_0_tsserver_startup","TSPERF_JOB_SCENARIO":"tsserver-startup","TSPERF_JOB_WARMUPS":1},"startup_node_22_8_0_tsserverlibrary_startup":{"TSPERF_JOB_HOST":"node@22.8.0","TSPERF_JOB_ITERATIONS":6,"TSPERF_JOB_KIND":"startup","TSPERF_JOB_NAME":"startup_node_22_8_0_tsserverlibrary_startup","TSPERF_JOB_SCENARIO":"tsserverlibrary-startup","TSPERF_JOB_WARMUPS":1},"startup_node_22_8_0_typescript_startup":{"TSPERF_JOB_HOST":"node@22.8.0","TSPERF_JOB_ITERATIONS":6,"TSPERF_JOB_KIND":"startup","TSPERF_JOB_NAME":"startup_node_22_8_0_typescript_startup","TSPERF_JOB_SCENARIO":"typescript-startup","TSPERF_JOB_WARMUPS":1}}",
  "MATRIX_ts_perf1": "{}",
  "MATRIX_ts_perf10": "{}",
  "MATRIX_ts_perf11": "{}",
  "MATRIX_ts_perf12": "{}",
  "MATRIX_ts_perf2": "{}",
  "MATRIX_ts_perf3": "{}",
  "MATRIX_ts_perf4": "{}",
  "MATRIX_ts_perf5": "{}",
  "MATRIX_ts_perf6": "{}",
  "MATRIX_ts_perf7": "{}",
  "MATRIX_ts_perf8": "{}",
  "MATRIX_ts_perf9": "{}",
  "TSPERF_BASELINE_COMMIT": "HEAD^1",
  "TSPERF_BASELINE_NAME": "baseline",
  "TSPERF_IS_COMPARISON": "true",
  "TSPERF_IS_CUSTOM_COMMIT_RANGE": "false",
  "TSPERF_NEW_COMMIT": "HEAD",
  "TSPERF_NEW_NAME": "pr",
  "TSPERF_PREDICTABLE": "false",
  "TSPERF_PROCESS_KINDS": "startup",
}