{
  "parallel": "19m 20s",
  "perAgent": {
    "any": "3h 12m 52s",
  },
  "total": "3h 12m 52s",
}